<!doctype html public "-//w3c//dtd html 4.0 transitional//en">
<html><head>
<title>Static Call Graph - [.\BUILD\STM32_Blink_LED.axf]</title></head>
<body><HR>
<H1>Static Call Graph for image .\BUILD\STM32_Blink_LED.axf</H1><HR>
<BR><P>#&#060CALLGRAPH&#062# ARM Linker, 5060750: Last Updated: Wed Jun 26 13:00:08 2019
<BR><P>
<H3>Maximum Stack Usage =       2256 bytes + Unknown(Cycles, Untraceable Function Pointers)</H3><H3>
Call chain for Maximum Stack Depth:</H3>
__rt_entry_main &rArr; main &rArr; $Super$$main &rArr; EthernetFunctions::ConnectServer(unsigned char*, WIZnetInterface*, const char*, const char*, const char*) &rArr; WIZnetInterface::connect() &rArr; WIZnetInterface::IPrenew(int) &rArr; DHCPClient::setup(int) &rArr; Endpoint::set_address(const char*, int) &rArr; WIZnet_Chip::gethostbyname(const char*, unsigned*) &rArr; DNSClient::lookup(const char*) &rArr; DNSClient::callback() &rArr; UDPSocket::receiveFrom(Endpoint&, char*, int) &rArr; WIZnet_Chip::wait_readable(int, int, int) &rArr; mbed::Timer::read_ms() &rArr; core_util_critical_section_enter &rArr; mbed_assert_internal &rArr;  mbed_die (Cycle)
<P>
<H3>
Mutually Recursive functions
</H3> <LI><a href="#[13]">NMI_Handler</a>&nbsp;&nbsp;&nbsp;&rArr;&nbsp;&nbsp;&nbsp;<a href="#[13]">NMI_Handler</a><BR>
 <LI><a href="#[14]">HardFault_Handler</a>&nbsp;&nbsp;&nbsp;&rArr;&nbsp;&nbsp;&nbsp;<a href="#[14]">HardFault_Handler</a><BR>
 <LI><a href="#[15]">MemManage_Handler</a>&nbsp;&nbsp;&nbsp;&rArr;&nbsp;&nbsp;&nbsp;<a href="#[15]">MemManage_Handler</a><BR>
 <LI><a href="#[16]">BusFault_Handler</a>&nbsp;&nbsp;&nbsp;&rArr;&nbsp;&nbsp;&nbsp;<a href="#[16]">BusFault_Handler</a><BR>
 <LI><a href="#[17]">UsageFault_Handler</a>&nbsp;&nbsp;&nbsp;&rArr;&nbsp;&nbsp;&nbsp;<a href="#[17]">UsageFault_Handler</a><BR>
 <LI><a href="#[18]">SVC_Handler</a>&nbsp;&nbsp;&nbsp;&rArr;&nbsp;&nbsp;&nbsp;<a href="#[18]">SVC_Handler</a><BR>
 <LI><a href="#[19]">DebugMon_Handler</a>&nbsp;&nbsp;&nbsp;&rArr;&nbsp;&nbsp;&nbsp;<a href="#[19]">DebugMon_Handler</a><BR>
 <LI><a href="#[1a]">PendSV_Handler</a>&nbsp;&nbsp;&nbsp;&rArr;&nbsp;&nbsp;&nbsp;<a href="#[1a]">PendSV_Handler</a><BR>
 <LI><a href="#[1b]">SysTick_Handler</a>&nbsp;&nbsp;&nbsp;&rArr;&nbsp;&nbsp;&nbsp;<a href="#[1b]">SysTick_Handler</a><BR>
 <LI><a href="#[2e]">ADC1_2_IRQHandler</a>&nbsp;&nbsp;&nbsp;&rArr;&nbsp;&nbsp;&nbsp;<a href="#[2e]">ADC1_2_IRQHandler</a><BR>
 <LI><a href="#[1e2]">mbed_assert_internal</a>&nbsp;&nbsp;&nbsp;&rArr;&nbsp;&nbsp;&nbsp;<a href="#[228]">mbed_die</a><BR>
 <LI><a href="#[1e7]">serial_init</a>&nbsp;&nbsp;&nbsp;&rArr;&nbsp;&nbsp;&nbsp;<a href="#[232]">init_uart</a><BR>
 <LI><a href="#[235]">pinmap_merge</a>&nbsp;&nbsp;&nbsp;&rArr;&nbsp;&nbsp;&nbsp;<a href="#[177]">error</a><BR>
 <LI><a href="#[176]">Set_GPIO_Clock</a>&nbsp;&nbsp;&nbsp;&rArr;&nbsp;&nbsp;&nbsp;<a href="#[177]">error</a><BR>
 <LI><a href="#[230]">pin_mode</a>&nbsp;&nbsp;&nbsp;&rArr;&nbsp;&nbsp;&nbsp;<a href="#[1e2]">mbed_assert_internal</a><BR>
 <LI><a href="#[22c]">pin_function</a>&nbsp;&nbsp;&nbsp;&rArr;&nbsp;&nbsp;&nbsp;<a href="#[1e2]">mbed_assert_internal</a><BR>
 <LI><a href="#[237]">pinmap_pinout</a>&nbsp;&nbsp;&nbsp;&rArr;&nbsp;&nbsp;&nbsp;<a href="#[177]">error</a><BR>
 <LI><a href="#[236]">pinmap_peripheral</a>&nbsp;&nbsp;&nbsp;&rArr;&nbsp;&nbsp;&nbsp;<a href="#[177]">error</a><BR>
 <LI><a href="#[1ec]">core_util_critical_section_exit</a>&nbsp;&nbsp;&nbsp;&rArr;&nbsp;&nbsp;&nbsp;<a href="#[1e2]">mbed_assert_internal</a><BR>
 <LI><a href="#[233]">mbed_error_printf</a>&nbsp;&nbsp;&nbsp;&rArr;&nbsp;&nbsp;&nbsp;<a href="#[1ea]">core_util_critical_section_enter</a><BR>
 <LI><a href="#[df]">exit</a>&nbsp;&nbsp;&nbsp;&rArr;&nbsp;&nbsp;&nbsp;<a href="#[fe]">fflush</a><BR>
 <LI><a href="#[215]">dnsname::decode(int)</a>&nbsp;&nbsp;&nbsp;&rArr;&nbsp;&nbsp;&nbsp;<a href="#[215]">dnsname::decode(int)</a><BR>
 <LI><a href="#[21f]">UDPSocket::readEndpoint(Endpoint&, unsigned char*)</a>&nbsp;&nbsp;&nbsp;&rArr;&nbsp;&nbsp;&nbsp;<a href="#[18b]">Endpoint::set_address(const char*, int)</a><BR>
 <LI><a href="#[21b]">DNSClient::resolve(const char*)</a>&nbsp;&nbsp;&nbsp;&rArr;&nbsp;&nbsp;&nbsp;<a href="#[18b]">Endpoint::set_address(const char*, int)</a><BR>
</UL>
<P>
<H3>
Function Pointers
</H3><UL>
 <LI><a href="#[62]">&lang;Func3&rang;</a> from mbed/TARGET_NUCLEO_F103RB/TOOLCHAIN_ARM_STD/mbed.ar(SerialBase.o)(i.<Func3>) referenced from mbed/TARGET_NUCLEO_F103RB/TOOLCHAIN_ARM_STD/mbed.ar(SerialBase.o)(i._ZN4mbed10SerialBaseC1E7PinNameS1_i)
 <LI><a href="#[2e]">ADC1_2_IRQHandler</a> from mbed/TARGET_NUCLEO_F103RB/TOOLCHAIN_ARM_STD/startup_stm32f103xb.o(.text) referenced from mbed/TARGET_NUCLEO_F103RB/TOOLCHAIN_ARM_STD/startup_stm32f103xb.o(RESET)
 <LI><a href="#[16]">BusFault_Handler</a> from mbed/TARGET_NUCLEO_F103RB/TOOLCHAIN_ARM_STD/startup_stm32f103xb.o(.text) referenced from mbed/TARGET_NUCLEO_F103RB/TOOLCHAIN_ARM_STD/startup_stm32f103xb.o(RESET)
 <LI><a href="#[31]">CAN1_RX1_IRQHandler</a> from mbed/TARGET_NUCLEO_F103RB/TOOLCHAIN_ARM_STD/startup_stm32f103xb.o(.text) referenced from mbed/TARGET_NUCLEO_F103RB/TOOLCHAIN_ARM_STD/startup_stm32f103xb.o(RESET)
 <LI><a href="#[32]">CAN1_SCE_IRQHandler</a> from mbed/TARGET_NUCLEO_F103RB/TOOLCHAIN_ARM_STD/can_api.o(i.CAN1_SCE_IRQHandler) referenced from mbed/TARGET_NUCLEO_F103RB/TOOLCHAIN_ARM_STD/startup_stm32f103xb.o(RESET)
 <LI><a href="#[27]">DMA1_Channel1_IRQHandler</a> from mbed/TARGET_NUCLEO_F103RB/TOOLCHAIN_ARM_STD/startup_stm32f103xb.o(.text) referenced from mbed/TARGET_NUCLEO_F103RB/TOOLCHAIN_ARM_STD/startup_stm32f103xb.o(RESET)
 <LI><a href="#[28]">DMA1_Channel2_IRQHandler</a> from mbed/TARGET_NUCLEO_F103RB/TOOLCHAIN_ARM_STD/startup_stm32f103xb.o(.text) referenced from mbed/TARGET_NUCLEO_F103RB/TOOLCHAIN_ARM_STD/startup_stm32f103xb.o(RESET)
 <LI><a href="#[29]">DMA1_Channel3_IRQHandler</a> from mbed/TARGET_NUCLEO_F103RB/TOOLCHAIN_ARM_STD/startup_stm32f103xb.o(.text) referenced from mbed/TARGET_NUCLEO_F103RB/TOOLCHAIN_ARM_STD/startup_stm32f103xb.o(RESET)
 <LI><a href="#[2a]">DMA1_Channel4_IRQHandler</a> from mbed/TARGET_NUCLEO_F103RB/TOOLCHAIN_ARM_STD/startup_stm32f103xb.o(.text) referenced from mbed/TARGET_NUCLEO_F103RB/TOOLCHAIN_ARM_STD/startup_stm32f103xb.o(RESET)
 <LI><a href="#[2b]">DMA1_Channel5_IRQHandler</a> from mbed/TARGET_NUCLEO_F103RB/TOOLCHAIN_ARM_STD/startup_stm32f103xb.o(.text) referenced from mbed/TARGET_NUCLEO_F103RB/TOOLCHAIN_ARM_STD/startup_stm32f103xb.o(RESET)
 <LI><a href="#[2c]">DMA1_Channel6_IRQHandler</a> from mbed/TARGET_NUCLEO_F103RB/TOOLCHAIN_ARM_STD/startup_stm32f103xb.o(.text) referenced from mbed/TARGET_NUCLEO_F103RB/TOOLCHAIN_ARM_STD/startup_stm32f103xb.o(RESET)
 <LI><a href="#[2d]">DMA1_Channel7_IRQHandler</a> from mbed/TARGET_NUCLEO_F103RB/TOOLCHAIN_ARM_STD/startup_stm32f103xb.o(.text) referenced from mbed/TARGET_NUCLEO_F103RB/TOOLCHAIN_ARM_STD/startup_stm32f103xb.o(RESET)
 <LI><a href="#[19]">DebugMon_Handler</a> from mbed/TARGET_NUCLEO_F103RB/TOOLCHAIN_ARM_STD/startup_stm32f103xb.o(.text) referenced from mbed/TARGET_NUCLEO_F103RB/TOOLCHAIN_ARM_STD/startup_stm32f103xb.o(RESET)
 <LI><a href="#[22]">EXTI0_IRQHandler</a> from mbed/TARGET_NUCLEO_F103RB/TOOLCHAIN_ARM_STD/startup_stm32f103xb.o(.text) referenced from mbed/TARGET_NUCLEO_F103RB/TOOLCHAIN_ARM_STD/startup_stm32f103xb.o(RESET)
 <LI><a href="#[44]">EXTI15_10_IRQHandler</a> from mbed/TARGET_NUCLEO_F103RB/TOOLCHAIN_ARM_STD/startup_stm32f103xb.o(.text) referenced from mbed/TARGET_NUCLEO_F103RB/TOOLCHAIN_ARM_STD/startup_stm32f103xb.o(RESET)
 <LI><a href="#[23]">EXTI1_IRQHandler</a> from mbed/TARGET_NUCLEO_F103RB/TOOLCHAIN_ARM_STD/startup_stm32f103xb.o(.text) referenced from mbed/TARGET_NUCLEO_F103RB/TOOLCHAIN_ARM_STD/startup_stm32f103xb.o(RESET)
 <LI><a href="#[24]">EXTI2_IRQHandler</a> from mbed/TARGET_NUCLEO_F103RB/TOOLCHAIN_ARM_STD/startup_stm32f103xb.o(.text) referenced from mbed/TARGET_NUCLEO_F103RB/TOOLCHAIN_ARM_STD/startup_stm32f103xb.o(RESET)
 <LI><a href="#[25]">EXTI3_IRQHandler</a> from mbed/TARGET_NUCLEO_F103RB/TOOLCHAIN_ARM_STD/startup_stm32f103xb.o(.text) referenced from mbed/TARGET_NUCLEO_F103RB/TOOLCHAIN_ARM_STD/startup_stm32f103xb.o(RESET)
 <LI><a href="#[26]">EXTI4_IRQHandler</a> from mbed/TARGET_NUCLEO_F103RB/TOOLCHAIN_ARM_STD/startup_stm32f103xb.o(.text) referenced from mbed/TARGET_NUCLEO_F103RB/TOOLCHAIN_ARM_STD/startup_stm32f103xb.o(RESET)
 <LI><a href="#[33]">EXTI9_5_IRQHandler</a> from mbed/TARGET_NUCLEO_F103RB/TOOLCHAIN_ARM_STD/startup_stm32f103xb.o(.text) referenced from mbed/TARGET_NUCLEO_F103RB/TOOLCHAIN_ARM_STD/startup_stm32f103xb.o(RESET)
 <LI><a href="#[20]">FLASH_IRQHandler</a> from mbed/TARGET_NUCLEO_F103RB/TOOLCHAIN_ARM_STD/startup_stm32f103xb.o(.text) referenced from mbed/TARGET_NUCLEO_F103RB/TOOLCHAIN_ARM_STD/startup_stm32f103xb.o(RESET)
 <LI><a href="#[14]">HardFault_Handler</a> from mbed/TARGET_NUCLEO_F103RB/TOOLCHAIN_ARM_STD/startup_stm32f103xb.o(.text) referenced from mbed/TARGET_NUCLEO_F103RB/TOOLCHAIN_ARM_STD/startup_stm32f103xb.o(RESET)
 <LI><a href="#[3c]">I2C1_ER_IRQHandler</a> from mbed/TARGET_NUCLEO_F103RB/TOOLCHAIN_ARM_STD/startup_stm32f103xb.o(.text) referenced from mbed/TARGET_NUCLEO_F103RB/TOOLCHAIN_ARM_STD/startup_stm32f103xb.o(RESET)
 <LI><a href="#[3b]">I2C1_EV_IRQHandler</a> from mbed/TARGET_NUCLEO_F103RB/TOOLCHAIN_ARM_STD/startup_stm32f103xb.o(.text) referenced from mbed/TARGET_NUCLEO_F103RB/TOOLCHAIN_ARM_STD/startup_stm32f103xb.o(RESET)
 <LI><a href="#[3e]">I2C2_ER_IRQHandler</a> from mbed/TARGET_NUCLEO_F103RB/TOOLCHAIN_ARM_STD/startup_stm32f103xb.o(.text) referenced from mbed/TARGET_NUCLEO_F103RB/TOOLCHAIN_ARM_STD/startup_stm32f103xb.o(RESET)
 <LI><a href="#[3d]">I2C2_EV_IRQHandler</a> from mbed/TARGET_NUCLEO_F103RB/TOOLCHAIN_ARM_STD/startup_stm32f103xb.o(.text) referenced from mbed/TARGET_NUCLEO_F103RB/TOOLCHAIN_ARM_STD/startup_stm32f103xb.o(RESET)
 <LI><a href="#[15]">MemManage_Handler</a> from mbed/TARGET_NUCLEO_F103RB/TOOLCHAIN_ARM_STD/startup_stm32f103xb.o(.text) referenced from mbed/TARGET_NUCLEO_F103RB/TOOLCHAIN_ARM_STD/startup_stm32f103xb.o(RESET)
 <LI><a href="#[13]">NMI_Handler</a> from mbed/TARGET_NUCLEO_F103RB/TOOLCHAIN_ARM_STD/startup_stm32f103xb.o(.text) referenced from mbed/TARGET_NUCLEO_F103RB/TOOLCHAIN_ARM_STD/startup_stm32f103xb.o(RESET)
 <LI><a href="#[1d]">PVD_IRQHandler</a> from mbed/TARGET_NUCLEO_F103RB/TOOLCHAIN_ARM_STD/startup_stm32f103xb.o(.text) referenced from mbed/TARGET_NUCLEO_F103RB/TOOLCHAIN_ARM_STD/startup_stm32f103xb.o(RESET)
 <LI><a href="#[1a]">PendSV_Handler</a> from mbed/TARGET_NUCLEO_F103RB/TOOLCHAIN_ARM_STD/startup_stm32f103xb.o(.text) referenced from mbed/TARGET_NUCLEO_F103RB/TOOLCHAIN_ARM_STD/startup_stm32f103xb.o(RESET)
 <LI><a href="#[21]">RCC_IRQHandler</a> from mbed/TARGET_NUCLEO_F103RB/TOOLCHAIN_ARM_STD/startup_stm32f103xb.o(.text) referenced from mbed/TARGET_NUCLEO_F103RB/TOOLCHAIN_ARM_STD/startup_stm32f103xb.o(RESET)
 <LI><a href="#[45]">RTC_Alarm_IRQHandler</a> from mbed/TARGET_NUCLEO_F103RB/TOOLCHAIN_ARM_STD/startup_stm32f103xb.o(.text) referenced from mbed/TARGET_NUCLEO_F103RB/TOOLCHAIN_ARM_STD/startup_stm32f103xb.o(RESET)
 <LI><a href="#[1f]">RTC_IRQHandler</a> from mbed/TARGET_NUCLEO_F103RB/TOOLCHAIN_ARM_STD/startup_stm32f103xb.o(.text) referenced from mbed/TARGET_NUCLEO_F103RB/TOOLCHAIN_ARM_STD/startup_stm32f103xb.o(RESET)
 <LI><a href="#[12]">Reset_Handler</a> from mbed/TARGET_NUCLEO_F103RB/TOOLCHAIN_ARM_STD/startup_stm32f103xb.o(.text) referenced from mbed/TARGET_NUCLEO_F103RB/TOOLCHAIN_ARM_STD/startup_stm32f103xb.o(RESET)
 <LI><a href="#[3f]">SPI1_IRQHandler</a> from mbed/TARGET_NUCLEO_F103RB/TOOLCHAIN_ARM_STD/startup_stm32f103xb.o(.text) referenced from mbed/TARGET_NUCLEO_F103RB/TOOLCHAIN_ARM_STD/startup_stm32f103xb.o(RESET)
 <LI><a href="#[40]">SPI2_IRQHandler</a> from mbed/TARGET_NUCLEO_F103RB/TOOLCHAIN_ARM_STD/startup_stm32f103xb.o(.text) referenced from mbed/TARGET_NUCLEO_F103RB/TOOLCHAIN_ARM_STD/startup_stm32f103xb.o(RESET)
 <LI><a href="#[56]">SPI_2linesRxISR_16BIT</a> from mbed/TARGET_NUCLEO_F103RB/TOOLCHAIN_ARM_STD/stm32f1xx_hal_spi.o(i.SPI_2linesRxISR_16BIT) referenced from mbed/TARGET_NUCLEO_F103RB/TOOLCHAIN_ARM_STD/stm32f1xx_hal_spi.o(i.HAL_SPI_TransmitReceive_IT)
 <LI><a href="#[5d]">SPI_2linesRxISR_16BITCRC</a> from mbed/TARGET_NUCLEO_F103RB/TOOLCHAIN_ARM_STD/stm32f1xx_hal_spi.o(i.SPI_2linesRxISR_16BITCRC) referenced from mbed/TARGET_NUCLEO_F103RB/TOOLCHAIN_ARM_STD/stm32f1xx_hal_spi.o(i.SPI_2linesRxISR_16BIT)
 <LI><a href="#[57]">SPI_2linesRxISR_8BIT</a> from mbed/TARGET_NUCLEO_F103RB/TOOLCHAIN_ARM_STD/stm32f1xx_hal_spi.o(i.SPI_2linesRxISR_8BIT) referenced from mbed/TARGET_NUCLEO_F103RB/TOOLCHAIN_ARM_STD/stm32f1xx_hal_spi.o(i.HAL_SPI_TransmitReceive_IT)
 <LI><a href="#[5e]">SPI_2linesRxISR_8BITCRC</a> from mbed/TARGET_NUCLEO_F103RB/TOOLCHAIN_ARM_STD/stm32f1xx_hal_spi.o(i.SPI_2linesRxISR_8BITCRC) referenced from mbed/TARGET_NUCLEO_F103RB/TOOLCHAIN_ARM_STD/stm32f1xx_hal_spi.o(i.SPI_2linesRxISR_8BIT)
 <LI><a href="#[58]">SPI_2linesTxISR_16BIT</a> from mbed/TARGET_NUCLEO_F103RB/TOOLCHAIN_ARM_STD/stm32f1xx_hal_spi.o(i.SPI_2linesTxISR_16BIT) referenced from mbed/TARGET_NUCLEO_F103RB/TOOLCHAIN_ARM_STD/stm32f1xx_hal_spi.o(i.HAL_SPI_TransmitReceive_IT)
 <LI><a href="#[59]">SPI_2linesTxISR_8BIT</a> from mbed/TARGET_NUCLEO_F103RB/TOOLCHAIN_ARM_STD/stm32f1xx_hal_spi.o(i.SPI_2linesTxISR_8BIT) referenced from mbed/TARGET_NUCLEO_F103RB/TOOLCHAIN_ARM_STD/stm32f1xx_hal_spi.o(i.HAL_SPI_TransmitReceive_IT)
 <LI><a href="#[53]">SPI_DMAAbortOnError</a> from mbed/TARGET_NUCLEO_F103RB/TOOLCHAIN_ARM_STD/stm32f1xx_hal_spi.o(i.SPI_DMAAbortOnError) referenced from mbed/TARGET_NUCLEO_F103RB/TOOLCHAIN_ARM_STD/stm32f1xx_hal_spi.o(i.HAL_SPI_IRQHandler)
 <LI><a href="#[54]">SPI_RxISR_16BIT</a> from mbed/TARGET_NUCLEO_F103RB/TOOLCHAIN_ARM_STD/stm32f1xx_hal_spi.o(i.SPI_RxISR_16BIT) referenced from mbed/TARGET_NUCLEO_F103RB/TOOLCHAIN_ARM_STD/stm32f1xx_hal_spi.o(i.HAL_SPI_Receive_IT)
 <LI><a href="#[5f]">SPI_RxISR_16BITCRC</a> from mbed/TARGET_NUCLEO_F103RB/TOOLCHAIN_ARM_STD/stm32f1xx_hal_spi.o(i.SPI_RxISR_16BITCRC) referenced from mbed/TARGET_NUCLEO_F103RB/TOOLCHAIN_ARM_STD/stm32f1xx_hal_spi.o(i.SPI_RxISR_16BIT)
 <LI><a href="#[55]">SPI_RxISR_8BIT</a> from mbed/TARGET_NUCLEO_F103RB/TOOLCHAIN_ARM_STD/stm32f1xx_hal_spi.o(i.SPI_RxISR_8BIT) referenced from mbed/TARGET_NUCLEO_F103RB/TOOLCHAIN_ARM_STD/stm32f1xx_hal_spi.o(i.HAL_SPI_Receive_IT)
 <LI><a href="#[60]">SPI_RxISR_8BITCRC</a> from mbed/TARGET_NUCLEO_F103RB/TOOLCHAIN_ARM_STD/stm32f1xx_hal_spi.o(i.SPI_RxISR_8BITCRC) referenced from mbed/TARGET_NUCLEO_F103RB/TOOLCHAIN_ARM_STD/stm32f1xx_hal_spi.o(i.SPI_RxISR_8BIT)
 <LI><a href="#[5a]">SPI_TxISR_16BIT</a> from mbed/TARGET_NUCLEO_F103RB/TOOLCHAIN_ARM_STD/stm32f1xx_hal_spi.o(i.SPI_TxISR_16BIT) referenced from mbed/TARGET_NUCLEO_F103RB/TOOLCHAIN_ARM_STD/stm32f1xx_hal_spi.o(i.HAL_SPI_Transmit_IT)
 <LI><a href="#[5b]">SPI_TxISR_8BIT</a> from mbed/TARGET_NUCLEO_F103RB/TOOLCHAIN_ARM_STD/stm32f1xx_hal_spi.o(i.SPI_TxISR_8BIT) referenced from mbed/TARGET_NUCLEO_F103RB/TOOLCHAIN_ARM_STD/stm32f1xx_hal_spi.o(i.HAL_SPI_Transmit_IT)
 <LI><a href="#[18]">SVC_Handler</a> from mbed/TARGET_NUCLEO_F103RB/TOOLCHAIN_ARM_STD/startup_stm32f103xb.o(.text) referenced from mbed/TARGET_NUCLEO_F103RB/TOOLCHAIN_ARM_STD/startup_stm32f103xb.o(RESET)
 <LI><a href="#[1b]">SysTick_Handler</a> from mbed/TARGET_NUCLEO_F103RB/TOOLCHAIN_ARM_STD/startup_stm32f103xb.o(.text) referenced from mbed/TARGET_NUCLEO_F103RB/TOOLCHAIN_ARM_STD/startup_stm32f103xb.o(RESET)
 <LI><a href="#[47]">SystemInit</a> from mbed/TARGET_NUCLEO_F103RB/TOOLCHAIN_ARM_STD/system_stm32f1xx.o(i.SystemInit) referenced from mbed/TARGET_NUCLEO_F103RB/TOOLCHAIN_ARM_STD/startup_stm32f103xb.o(.text)
 <LI><a href="#[1e]">TAMPER_IRQHandler</a> from mbed/TARGET_NUCLEO_F103RB/TOOLCHAIN_ARM_STD/startup_stm32f103xb.o(.text) referenced from mbed/TARGET_NUCLEO_F103RB/TOOLCHAIN_ARM_STD/startup_stm32f103xb.o(RESET)
 <LI><a href="#[34]">TIM1_BRK_IRQHandler</a> from mbed/TARGET_NUCLEO_F103RB/TOOLCHAIN_ARM_STD/startup_stm32f103xb.o(.text) referenced from mbed/TARGET_NUCLEO_F103RB/TOOLCHAIN_ARM_STD/startup_stm32f103xb.o(RESET)
 <LI><a href="#[37]">TIM1_CC_IRQHandler</a> from mbed/TARGET_NUCLEO_F103RB/TOOLCHAIN_ARM_STD/startup_stm32f103xb.o(.text) referenced from mbed/TARGET_NUCLEO_F103RB/TOOLCHAIN_ARM_STD/startup_stm32f103xb.o(RESET)
 <LI><a href="#[36]">TIM1_TRG_COM_IRQHandler</a> from mbed/TARGET_NUCLEO_F103RB/TOOLCHAIN_ARM_STD/startup_stm32f103xb.o(.text) referenced from mbed/TARGET_NUCLEO_F103RB/TOOLCHAIN_ARM_STD/startup_stm32f103xb.o(RESET)
 <LI><a href="#[35]">TIM1_UP_IRQHandler</a> from mbed/TARGET_NUCLEO_F103RB/TOOLCHAIN_ARM_STD/startup_stm32f103xb.o(.text) referenced from mbed/TARGET_NUCLEO_F103RB/TOOLCHAIN_ARM_STD/startup_stm32f103xb.o(RESET)
 <LI><a href="#[38]">TIM2_IRQHandler</a> from mbed/TARGET_NUCLEO_F103RB/TOOLCHAIN_ARM_STD/startup_stm32f103xb.o(.text) referenced from mbed/TARGET_NUCLEO_F103RB/TOOLCHAIN_ARM_STD/startup_stm32f103xb.o(RESET)
 <LI><a href="#[39]">TIM3_IRQHandler</a> from mbed/TARGET_NUCLEO_F103RB/TOOLCHAIN_ARM_STD/startup_stm32f103xb.o(.text) referenced from mbed/TARGET_NUCLEO_F103RB/TOOLCHAIN_ARM_STD/startup_stm32f103xb.o(RESET)
 <LI><a href="#[3a]">TIM4_IRQHandler</a> from mbed/TARGET_NUCLEO_F103RB/TOOLCHAIN_ARM_STD/startup_stm32f103xb.o(.text) referenced from mbed/TARGET_NUCLEO_F103RB/TOOLCHAIN_ARM_STD/startup_stm32f103xb.o(RESET)
 <LI><a href="#[5c]">UART_DMAAbortOnError</a> from mbed/TARGET_NUCLEO_F103RB/TOOLCHAIN_ARM_STD/stm32f1xx_hal_uart.o(i.UART_DMAAbortOnError) referenced from mbed/TARGET_NUCLEO_F103RB/TOOLCHAIN_ARM_STD/stm32f1xx_hal_uart.o(i.HAL_UART_IRQHandler)
 <LI><a href="#[41]">USART1_IRQHandler</a> from mbed/TARGET_NUCLEO_F103RB/TOOLCHAIN_ARM_STD/startup_stm32f103xb.o(.text) referenced from mbed/TARGET_NUCLEO_F103RB/TOOLCHAIN_ARM_STD/startup_stm32f103xb.o(RESET)
 <LI><a href="#[42]">USART2_IRQHandler</a> from mbed/TARGET_NUCLEO_F103RB/TOOLCHAIN_ARM_STD/startup_stm32f103xb.o(.text) referenced from mbed/TARGET_NUCLEO_F103RB/TOOLCHAIN_ARM_STD/startup_stm32f103xb.o(RESET)
 <LI><a href="#[43]">USART3_IRQHandler</a> from mbed/TARGET_NUCLEO_F103RB/TOOLCHAIN_ARM_STD/startup_stm32f103xb.o(.text) referenced from mbed/TARGET_NUCLEO_F103RB/TOOLCHAIN_ARM_STD/startup_stm32f103xb.o(RESET)
 <LI><a href="#[46]">USBWakeUp_IRQHandler</a> from mbed/TARGET_NUCLEO_F103RB/TOOLCHAIN_ARM_STD/startup_stm32f103xb.o(.text) referenced from mbed/TARGET_NUCLEO_F103RB/TOOLCHAIN_ARM_STD/startup_stm32f103xb.o(RESET)
 <LI><a href="#[2f]">USB_HP_CAN1_TX_IRQHandler</a> from mbed/TARGET_NUCLEO_F103RB/TOOLCHAIN_ARM_STD/can_api.o(i.USB_HP_CAN1_TX_IRQHandler) referenced from mbed/TARGET_NUCLEO_F103RB/TOOLCHAIN_ARM_STD/startup_stm32f103xb.o(RESET)
 <LI><a href="#[30]">USB_LP_CAN1_RX0_IRQHandler</a> from mbed/TARGET_NUCLEO_F103RB/TOOLCHAIN_ARM_STD/can_api.o(i.USB_LP_CAN1_RX0_IRQHandler) referenced from mbed/TARGET_NUCLEO_F103RB/TOOLCHAIN_ARM_STD/startup_stm32f103xb.o(RESET)
 <LI><a href="#[17]">UsageFault_Handler</a> from mbed/TARGET_NUCLEO_F103RB/TOOLCHAIN_ARM_STD/startup_stm32f103xb.o(.text) referenced from mbed/TARGET_NUCLEO_F103RB/TOOLCHAIN_ARM_STD/startup_stm32f103xb.o(RESET)
 <LI><a href="#[1c]">WWDG_IRQHandler</a> from mbed/TARGET_NUCLEO_F103RB/TOOLCHAIN_ARM_STD/startup_stm32f103xb.o(.text) referenced from mbed/TARGET_NUCLEO_F103RB/TOOLCHAIN_ARM_STD/startup_stm32f103xb.o(RESET)
 <LI><a href="#[76]">Rx_interrupt()</a> from .\build\main.o(i._Z12Rx_interruptv) referenced from .\build\main.o(i.main)
 <LI><a href="#[77]">read_rtc()</a> from .\build\main.o(i._Z8read_rtcv) referenced from .\build\main.o(i.main)
 <LI><a href="#[6e]">EthernetFunctions::~EthernetFunctions()</a> from .\build\main.o(i._ZN17EthernetFunctionsD1Ev) referenced from .\build\main.o(i.__sti___8_main_cpp_led)
 <LI><a href="#[83]">mbed::FileHandle::size()</a> from mbed/TARGET_NUCLEO_F103RB/TOOLCHAIN_ARM_STD/mbed.ar(FileHandle.o)(i._ZN4mbed10FileHandle4sizeEv) referenced from mbed/TARGET_NUCLEO_F103RB/TOOLCHAIN_ARM_STD/mbed.ar(FileHandle.o)(.constdata__ZTVN4mbed10FileHandleE)
 <LI><a href="#[82]">mbed::FileHandle::isatty()</a> from mbed/TARGET_NUCLEO_F103RB/TOOLCHAIN_ARM_STD/mbed.ar(FileHandle.o)(i._ZN4mbed10FileHandle6isattyEv) referenced from mbed/TARGET_NUCLEO_F103RB/TOOLCHAIN_ARM_STD/mbed.ar(FileHandle.o)(.constdata__ZTVN4mbed10FileHandleE)
 <LI><a href="#[64]">mbed::SerialBase::_irq_handler(unsigned, SerialIrq)</a> from mbed/TARGET_NUCLEO_F103RB/TOOLCHAIN_ARM_STD/mbed.ar(SerialBase.o)(i._ZN4mbed10SerialBase12_irq_handlerEj9SerialIrq) referenced from mbed/TARGET_NUCLEO_F103RB/TOOLCHAIN_ARM_STD/mbed.ar(SerialBase.o)(i._ZN4mbed10SerialBaseC1E7PinNameS1_i)
 <LI><a href="#[7a]">mbed::SerialBase::interrupt_handler_asynch()</a> from mbed/TARGET_NUCLEO_F103RB/TOOLCHAIN_ARM_STD/mbed.ar(SerialBase.o)(i._ZN4mbed10SerialBase24interrupt_handler_asynchEv) referenced from mbed/TARGET_NUCLEO_F103RB/TOOLCHAIN_ARM_STD/mbed.ar(SerialBase.o)(.constdata)
 <LI><a href="#[84]">mbed::SerialBase::lock()</a> from mbed/TARGET_NUCLEO_F103RB/TOOLCHAIN_ARM_STD/mbed.ar(SerialBase.o)(i._ZN4mbed10SerialBase4lockEv) referenced from mbed/TARGET_NUCLEO_F103RB/TOOLCHAIN_ARM_STD/mbed.ar(SerialBase.o)(.constdata__ZTVN4mbed10SerialBaseE)
 <LI><a href="#[85]">mbed::SerialBase::unlock()</a> from mbed/TARGET_NUCLEO_F103RB/TOOLCHAIN_ARM_STD/mbed.ar(SerialBase.o)(i._ZN4mbed10SerialBase6unlockEv) referenced from mbed/TARGET_NUCLEO_F103RB/TOOLCHAIN_ARM_STD/mbed.ar(SerialBase.o)(.constdata__ZTVN4mbed10SerialBaseE)
 <LI><a href="#[66]">mbed::InterruptIn::_irq_handler(unsigned, gpio_irq_event)</a> from mbed/TARGET_NUCLEO_F103RB/TOOLCHAIN_ARM_STD/mbed.ar(InterruptIn.o)(i._ZN4mbed11InterruptIn12_irq_handlerEj14gpio_irq_event) referenced from mbed/TARGET_NUCLEO_F103RB/TOOLCHAIN_ARM_STD/mbed.ar(InterruptIn.o)(i._ZN4mbed11InterruptInC1E7PinName)
 <LI><a href="#[6c]">mbed::InterruptIn::~InterruptIn()</a> from mbed/TARGET_NUCLEO_F103RB/TOOLCHAIN_ARM_STD/mbed.ar(InterruptIn.o)(i._ZN4mbed11InterruptInD1Ev) referenced from mbed/TARGET_NUCLEO_F103RB/TOOLCHAIN_ARM_STD/mbed.ar(InterruptIn.o)(.constdata__ZTVN4mbed11InterruptInE)
 <LI><a href="#[6c]">mbed::InterruptIn::~InterruptIn()</a> from mbed/TARGET_NUCLEO_F103RB/TOOLCHAIN_ARM_STD/mbed.ar(InterruptIn.o)(i._ZN4mbed11InterruptInD1Ev) referenced from .\build\main.o(i.__sti___8_main_cpp_led)
 <LI><a href="#[6a]">mbed::Transaction&lang;mbed::SPI&rang;::Transaction()</a> from mbed/TARGET_NUCLEO_F103RB/TOOLCHAIN_ARM_STD/mbed.ar(SPI.o)(t._ZN4mbed11TransactionINS_3SPIEEC1Ev) referenced from mbed/TARGET_NUCLEO_F103RB/TOOLCHAIN_ARM_STD/mbed.ar(SPI.o)(i.__sti___7_SPI_cpp_ab1f1164)
 <LI><a href="#[78]">mbed::Transaction&lang;mbed::SPI&rang;::~Transaction()</a> from mbed/TARGET_NUCLEO_F103RB/TOOLCHAIN_ARM_STD/mbed.ar(SPI.o)(t._ZN4mbed11TransactionINS_3SPIEED1Ev) referenced from mbed/TARGET_NUCLEO_F103RB/TOOLCHAIN_ARM_STD/mbed.ar(SPI.o)(t._ZN4mbed14CircularBufferINS_11TransactionINS_3SPIEEELj2EjED1Ev)
 <LI><a href="#[6b]">mbed::CircularBuffer&lang;mbed::Transaction&lang;mbed::SPI&rang;, (unsigned)2, unsigned&rang;::~CircularBuffer()</a> from mbed/TARGET_NUCLEO_F103RB/TOOLCHAIN_ARM_STD/mbed.ar(SPI.o)(t._ZN4mbed14CircularBufferINS_11TransactionINS_3SPIEEELj2EjED1Ev) referenced from mbed/TARGET_NUCLEO_F103RB/TOOLCHAIN_ARM_STD/mbed.ar(SPI.o)(i.__sti___7_SPI_cpp_ab1f1164)
 <LI><a href="#[79]">mbed::SPI::irq_handler_asynch()</a> from mbed/TARGET_NUCLEO_F103RB/TOOLCHAIN_ARM_STD/mbed.ar(SPI.o)(i._ZN4mbed3SPI18irq_handler_asynchEv) referenced from mbed/TARGET_NUCLEO_F103RB/TOOLCHAIN_ARM_STD/mbed.ar(SPI.o)(.constdata)
 <LI><a href="#[87]">mbed::SPI::lock()</a> from mbed/TARGET_NUCLEO_F103RB/TOOLCHAIN_ARM_STD/mbed.ar(SPI.o)(i._ZN4mbed3SPI4lockEv) referenced from mbed/TARGET_NUCLEO_F103RB/TOOLCHAIN_ARM_STD/mbed.ar(SPI.o)(.constdata__ZTVN4mbed3SPIE)
 <LI><a href="#[86]">mbed::SPI::write(int)</a> from mbed/TARGET_NUCLEO_F103RB/TOOLCHAIN_ARM_STD/mbed.ar(SPI.o)(i._ZN4mbed3SPI5writeEi) referenced from mbed/TARGET_NUCLEO_F103RB/TOOLCHAIN_ARM_STD/mbed.ar(SPI.o)(.constdata__ZTVN4mbed3SPIE)
 <LI><a href="#[88]">mbed::SPI::unlock()</a> from mbed/TARGET_NUCLEO_F103RB/TOOLCHAIN_ARM_STD/mbed.ar(SPI.o)(i._ZN4mbed3SPI6unlockEv) referenced from mbed/TARGET_NUCLEO_F103RB/TOOLCHAIN_ARM_STD/mbed.ar(SPI.o)(.constdata__ZTVN4mbed3SPIE)
 <LI><a href="#[6d]">mbed::SPI::~SPI()</a> from mbed/TARGET_NUCLEO_F103RB/TOOLCHAIN_ARM_STD/mbed.ar(SPI.o)(i._ZN4mbed3SPID1Ev) referenced from mbed/TARGET_NUCLEO_F103RB/TOOLCHAIN_ARM_STD/mbed.ar(SPI.o)(.constdata__ZTVN4mbed3SPIE)
 <LI><a href="#[6d]">mbed::SPI::~SPI()</a> from mbed/TARGET_NUCLEO_F103RB/TOOLCHAIN_ARM_STD/mbed.ar(SPI.o)(i._ZN4mbed3SPID1Ev) referenced from .\build\main.o(i.__sti___8_main_cpp_led)
 <LI><a href="#[89]">mbed::Serial::lock()</a> from mbed/TARGET_NUCLEO_F103RB/TOOLCHAIN_ARM_STD/mbed.ar(Serial.o)(i._ZN4mbed6Serial4lockEv) referenced from mbed/TARGET_NUCLEO_F103RB/TOOLCHAIN_ARM_STD/mbed.ar(Serial.o)(.constdata__ZTVN4mbed6SerialE)
 <LI><a href="#[8a]">mbed::Serial::unlock()</a> from mbed/TARGET_NUCLEO_F103RB/TOOLCHAIN_ARM_STD/mbed.ar(Serial.o)(i._ZN4mbed6Serial6unlockEv) referenced from mbed/TARGET_NUCLEO_F103RB/TOOLCHAIN_ARM_STD/mbed.ar(Serial.o)(.constdata__ZTVN4mbed6SerialE)
 <LI><a href="#[69]">mbed::Serial::~Serial()</a> from mbed/TARGET_NUCLEO_F103RB/TOOLCHAIN_ARM_STD/mbed.ar(Serial.o)(i._ZN4mbed6SerialD1Ev) referenced from mbed/TARGET_NUCLEO_F103RB/TOOLCHAIN_ARM_STD/mbed.ar(Serial.o)(.constdata__ZTVN4mbed6SerialE)
 <LI><a href="#[69]">mbed::Serial::~Serial()</a> from mbed/TARGET_NUCLEO_F103RB/TOOLCHAIN_ARM_STD/mbed.ar(Serial.o)(i._ZN4mbed6SerialD1Ev) referenced from .\build\serialconnect.o(i.__sti___17_SerialConnect_cpp_ebddc1ff)
 <LI><a href="#[69]">mbed::Serial::~Serial()</a> from mbed/TARGET_NUCLEO_F103RB/TOOLCHAIN_ARM_STD/mbed.ar(Serial.o)(i._ZN4mbed6SerialD1Ev) referenced from .\build\main.o(i.__sti___8_main_cpp_led)
 <LI><a href="#[96]">mbed::Stream::lock()</a> from mbed/TARGET_NUCLEO_F103RB/TOOLCHAIN_ARM_STD/mbed.ar(Stream.o)(i._ZN4mbed6Stream4lockEv) referenced from mbed/TARGET_NUCLEO_F103RB/TOOLCHAIN_ARM_STD/mbed.ar(Stream.o)(.constdata__ZTVN4mbed6StreamE)
 <LI><a href="#[8b]">mbed::Stream::read(void*, unsigned)</a> from mbed/TARGET_NUCLEO_F103RB/TOOLCHAIN_ARM_STD/mbed.ar(Stream.o)(i._ZN4mbed6Stream4readEPvj) referenced from mbed/TARGET_NUCLEO_F103RB/TOOLCHAIN_ARM_STD/mbed.ar(Serial.o)(.constdata__ZTVN4mbed6SerialE)
 <LI><a href="#[8b]">mbed::Stream::read(void*, unsigned)</a> from mbed/TARGET_NUCLEO_F103RB/TOOLCHAIN_ARM_STD/mbed.ar(Stream.o)(i._ZN4mbed6Stream4readEPvj) referenced from mbed/TARGET_NUCLEO_F103RB/TOOLCHAIN_ARM_STD/mbed.ar(Stream.o)(.constdata__ZTVN4mbed6StreamE)
 <LI><a href="#[8d]">mbed::Stream::seek(long, int)</a> from mbed/TARGET_NUCLEO_F103RB/TOOLCHAIN_ARM_STD/mbed.ar(Stream.o)(i._ZN4mbed6Stream4seekEli) referenced from mbed/TARGET_NUCLEO_F103RB/TOOLCHAIN_ARM_STD/mbed.ar(Serial.o)(.constdata__ZTVN4mbed6SerialE)
 <LI><a href="#[8d]">mbed::Stream::seek(long, int)</a> from mbed/TARGET_NUCLEO_F103RB/TOOLCHAIN_ARM_STD/mbed.ar(Stream.o)(i._ZN4mbed6Stream4seekEli) referenced from mbed/TARGET_NUCLEO_F103RB/TOOLCHAIN_ARM_STD/mbed.ar(Stream.o)(.constdata__ZTVN4mbed6StreamE)
 <LI><a href="#[90]">mbed::Stream::size()</a> from mbed/TARGET_NUCLEO_F103RB/TOOLCHAIN_ARM_STD/mbed.ar(Stream.o)(i._ZN4mbed6Stream4sizeEv) referenced from mbed/TARGET_NUCLEO_F103RB/TOOLCHAIN_ARM_STD/mbed.ar(Serial.o)(.constdata__ZTVN4mbed6SerialE)
 <LI><a href="#[90]">mbed::Stream::size()</a> from mbed/TARGET_NUCLEO_F103RB/TOOLCHAIN_ARM_STD/mbed.ar(Stream.o)(i._ZN4mbed6Stream4sizeEv) referenced from mbed/TARGET_NUCLEO_F103RB/TOOLCHAIN_ARM_STD/mbed.ar(Stream.o)(.constdata__ZTVN4mbed6StreamE)
 <LI><a href="#[8e]">mbed::Stream::close()</a> from mbed/TARGET_NUCLEO_F103RB/TOOLCHAIN_ARM_STD/mbed.ar(Stream.o)(i._ZN4mbed6Stream5closeEv) referenced from mbed/TARGET_NUCLEO_F103RB/TOOLCHAIN_ARM_STD/mbed.ar(Serial.o)(.constdata__ZTVN4mbed6SerialE)
 <LI><a href="#[8e]">mbed::Stream::close()</a> from mbed/TARGET_NUCLEO_F103RB/TOOLCHAIN_ARM_STD/mbed.ar(Stream.o)(i._ZN4mbed6Stream5closeEv) referenced from mbed/TARGET_NUCLEO_F103RB/TOOLCHAIN_ARM_STD/mbed.ar(Stream.o)(.constdata__ZTVN4mbed6StreamE)
 <LI><a href="#[8c]">mbed::Stream::write(const void*, unsigned)</a> from mbed/TARGET_NUCLEO_F103RB/TOOLCHAIN_ARM_STD/mbed.ar(Stream.o)(i._ZN4mbed6Stream5writeEPKvj) referenced from mbed/TARGET_NUCLEO_F103RB/TOOLCHAIN_ARM_STD/mbed.ar(Serial.o)(.constdata__ZTVN4mbed6SerialE)
 <LI><a href="#[8c]">mbed::Stream::write(const void*, unsigned)</a> from mbed/TARGET_NUCLEO_F103RB/TOOLCHAIN_ARM_STD/mbed.ar(Stream.o)(i._ZN4mbed6Stream5writeEPKvj) referenced from mbed/TARGET_NUCLEO_F103RB/TOOLCHAIN_ARM_STD/mbed.ar(Stream.o)(.constdata__ZTVN4mbed6StreamE)
 <LI><a href="#[8f]">mbed::Stream::isatty()</a> from mbed/TARGET_NUCLEO_F103RB/TOOLCHAIN_ARM_STD/mbed.ar(Stream.o)(i._ZN4mbed6Stream6isattyEv) referenced from mbed/TARGET_NUCLEO_F103RB/TOOLCHAIN_ARM_STD/mbed.ar(Serial.o)(.constdata__ZTVN4mbed6SerialE)
 <LI><a href="#[8f]">mbed::Stream::isatty()</a> from mbed/TARGET_NUCLEO_F103RB/TOOLCHAIN_ARM_STD/mbed.ar(Stream.o)(i._ZN4mbed6Stream6isattyEv) referenced from mbed/TARGET_NUCLEO_F103RB/TOOLCHAIN_ARM_STD/mbed.ar(Stream.o)(.constdata__ZTVN4mbed6StreamE)
 <LI><a href="#[97]">mbed::Stream::unlock()</a> from mbed/TARGET_NUCLEO_F103RB/TOOLCHAIN_ARM_STD/mbed.ar(Stream.o)(i._ZN4mbed6Stream6unlockEv) referenced from mbed/TARGET_NUCLEO_F103RB/TOOLCHAIN_ARM_STD/mbed.ar(Stream.o)(.constdata__ZTVN4mbed6StreamE)
 <LI><a href="#[95]">mbed::Stream::~Stream__sub_object()</a> from mbed/TARGET_NUCLEO_F103RB/TOOLCHAIN_ARM_STD/mbed.ar(Stream.o)(i._ZN4mbed6StreamD2Ev) referenced from mbed/TARGET_NUCLEO_F103RB/TOOLCHAIN_ARM_STD/mbed.ar(Stream.o)(.constdata__ZTVN4mbed6StreamE)
 <LI><a href="#[99]">void mbed::Callback&lang;void()&rang;::function_call&lang;void(*)()&rang;(const void*)</a> from mbed/TARGET_NUCLEO_F103RB/TOOLCHAIN_ARM_STD/mbed.ar(InterruptIn.o)(t._ZN4mbed8CallbackIFvvEE13function_callIPS1_EEvPKv) referenced from mbed/TARGET_NUCLEO_F103RB/TOOLCHAIN_ARM_STD/mbed.ar(InterruptIn.o)(.constdata__ZZN4mbed8CallbackIFvvEE8generateIPS1_EEvRKT_E3ops)
 <LI><a href="#[9b]">void mbed::Callback&lang;void()&rang;::function_dtor&lang;void(*)()&rang;(void*)</a> from mbed/TARGET_NUCLEO_F103RB/TOOLCHAIN_ARM_STD/mbed.ar(InterruptIn.o)(t._ZN4mbed8CallbackIFvvEE13function_dtorIPS1_EEvPv) referenced from mbed/TARGET_NUCLEO_F103RB/TOOLCHAIN_ARM_STD/mbed.ar(InterruptIn.o)(.constdata__ZZN4mbed8CallbackIFvvEE8generateIPS1_EEvRKT_E3ops)
 <LI><a href="#[9a]">void mbed::Callback&lang;void()&rang;::function_move&lang;void(*)()&rang;(void*, const void*)</a> from mbed/TARGET_NUCLEO_F103RB/TOOLCHAIN_ARM_STD/mbed.ar(InterruptIn.o)(t._ZN4mbed8CallbackIFvvEE13function_moveIPS1_EEvPvPKv) referenced from mbed/TARGET_NUCLEO_F103RB/TOOLCHAIN_ARM_STD/mbed.ar(InterruptIn.o)(.constdata__ZZN4mbed8CallbackIFvvEE8generateIPS1_EEvRKT_E3ops)
 <LI><a href="#[68]">mbed::Callback&lang;void()&rang;::~Callback()</a> from mbed/TARGET_NUCLEO_F103RB/TOOLCHAIN_ARM_STD/mbed.ar(Serial.o)(t._ZN4mbed8CallbackIFvvEED1Ev) referenced from mbed/TARGET_NUCLEO_F103RB/TOOLCHAIN_ARM_STD/mbed.ar(Serial.o)(i._ZN4mbed6SerialD1Ev)
 <LI><a href="#[98]">mbed::FileBase::~FileBase()</a> from mbed/TARGET_NUCLEO_F103RB/TOOLCHAIN_ARM_STD/mbed.ar(FileBase.o)(i._ZN4mbed8FileBaseD1Ev) referenced from mbed/TARGET_NUCLEO_F103RB/TOOLCHAIN_ARM_STD/mbed.ar(FileBase.o)(.constdata__ZTVN4mbed8FileBaseE)
 <LI><a href="#[63]">mbed::donothing()</a> from mbed/TARGET_NUCLEO_F103RB/TOOLCHAIN_ARM_STD/mbed.ar(SerialBase.o)(i._ZN4mbed9donothingEv) referenced from mbed/TARGET_NUCLEO_F103RB/TOOLCHAIN_ARM_STD/mbed.ar(SerialBase.o)(i._ZN4mbed10SerialBaseC1E7PinNameS1_i)
 <LI><a href="#[65]">mbed::donothing()</a> from mbed/TARGET_NUCLEO_F103RB/TOOLCHAIN_ARM_STD/mbed.ar(InterruptIn.o)(i._ZN4mbed9donothingEv) referenced from mbed/TARGET_NUCLEO_F103RB/TOOLCHAIN_ARM_STD/mbed.ar(InterruptIn.o)(i._ZN4mbed11InterruptIn4fallENS_8CallbackIFvvEEE)
 <LI><a href="#[65]">mbed::donothing()</a> from mbed/TARGET_NUCLEO_F103RB/TOOLCHAIN_ARM_STD/mbed.ar(InterruptIn.o)(i._ZN4mbed9donothingEv) referenced from mbed/TARGET_NUCLEO_F103RB/TOOLCHAIN_ARM_STD/mbed.ar(InterruptIn.o)(i._ZN4mbed11InterruptInC1E7PinName)
 <LI><a href="#[61]">CThunk&lang;mbed::SerialBase&rang;::trampoline(mbed::SerialBase*, void*, void(mbed::SerialBase::**)(void*))</a> from mbed/TARGET_NUCLEO_F103RB/TOOLCHAIN_ARM_STD/mbed.ar(SerialBase.o)(t._ZN6CThunkIN4mbed10SerialBaseEE10trampolineEPS1_PvPMS1_FvS4_E) referenced from mbed/TARGET_NUCLEO_F103RB/TOOLCHAIN_ARM_STD/mbed.ar(SerialBase.o)(i._ZN4mbed10SerialBaseC1E7PinNameS1_i)
 <LI><a href="#[67]">CThunk&lang;mbed::SPI&rang;::trampoline(mbed::SPI*, void*, void(mbed::SPI::**)(void*))</a> from mbed/TARGET_NUCLEO_F103RB/TOOLCHAIN_ARM_STD/mbed.ar(SPI.o)(t._ZN6CThunkIN4mbed3SPIEE10trampolineEPS1_PvPMS1_FvS4_E) referenced from mbed/TARGET_NUCLEO_F103RB/TOOLCHAIN_ARM_STD/mbed.ar(SPI.o)(i._ZN4mbed3SPIC1E7PinNameS1_S1_S1_)
 <LI><a href="#[80]">DNSClient::~DNSClient()</a> from .\build\dnsclient.o(i._ZN9DNSClientD1Ev) referenced from .\build\dnsclient.o(.constdata__ZTV9DNSClient)
 <LI><a href="#[93]">thunk{-188} to mbed::Serial::lock()</a> from mbed/TARGET_NUCLEO_F103RB/TOOLCHAIN_ARM_STD/mbed.ar(Serial.o)(i._ZThn188_N4mbed6Serial4lockEv) referenced from mbed/TARGET_NUCLEO_F103RB/TOOLCHAIN_ARM_STD/mbed.ar(Serial.o)(.constdata__ZTVN4mbed6SerialE)
 <LI><a href="#[92]">thunk{-188} to mbed::Serial::_getc()</a> from mbed/TARGET_NUCLEO_F103RB/TOOLCHAIN_ARM_STD/mbed.ar(Serial.o)(i._ZThn188_N4mbed6Serial5_getcEv) referenced from mbed/TARGET_NUCLEO_F103RB/TOOLCHAIN_ARM_STD/mbed.ar(Serial.o)(.constdata__ZTVN4mbed6SerialE)
 <LI><a href="#[91]">thunk{-188} to mbed::Serial::_putc(int)</a> from mbed/TARGET_NUCLEO_F103RB/TOOLCHAIN_ARM_STD/mbed.ar(Serial.o)(i._ZThn188_N4mbed6Serial5_putcEi) referenced from mbed/TARGET_NUCLEO_F103RB/TOOLCHAIN_ARM_STD/mbed.ar(Serial.o)(.constdata__ZTVN4mbed6SerialE)
 <LI><a href="#[94]">thunk{-188} to mbed::Serial::unlock()</a> from mbed/TARGET_NUCLEO_F103RB/TOOLCHAIN_ARM_STD/mbed.ar(Serial.o)(i._ZThn188_N4mbed6Serial6unlockEv) referenced from mbed/TARGET_NUCLEO_F103RB/TOOLCHAIN_ARM_STD/mbed.ar(Serial.o)(.constdata__ZTVN4mbed6SerialE)
 <LI><a href="#[81]">__cxa_pure_virtual</a> from C:\Keil_v5\ARM\ARMCC\Bin\..\lib\cpplib\cpprt_w.l(pure_virt.o)(i.__cxa_pure_virtual) referenced 4 times from mbed/TARGET_NUCLEO_F103RB/TOOLCHAIN_ARM_STD/mbed.ar(FileHandle.o)(.constdata__ZTVN4mbed10FileHandleE)
 <LI><a href="#[81]">__cxa_pure_virtual</a> from C:\Keil_v5\ARM\ARMCC\Bin\..\lib\cpplib\cpprt_w.l(pure_virt.o)(i.__cxa_pure_virtual) referenced 2 times from mbed/TARGET_NUCLEO_F103RB/TOOLCHAIN_ARM_STD/mbed.ar(Stream.o)(.constdata__ZTVN4mbed6StreamE)
 <LI><a href="#[a3]">__main</a> from C:\Keil_v5\ARM\ARMCC\Bin\..\lib\armlib\c_w.l(__main.o)(!!!main) referenced from mbed/TARGET_NUCLEO_F103RB/TOOLCHAIN_ARM_STD/startup_stm32f103xb.o(.text)
 <LI><a href="#[9d]">__sti___17_SerialConnect_cpp_ebddc1ff</a> from .\build\serialconnect.o(i.__sti___17_SerialConnect_cpp_ebddc1ff) referenced from .\build\serialconnect.o(.init_array)
 <LI><a href="#[9e]">__sti___7_SPI_cpp_ab1f1164</a> from mbed/TARGET_NUCLEO_F103RB/TOOLCHAIN_ARM_STD/mbed.ar(SPI.o)(i.__sti___7_SPI_cpp_ab1f1164) referenced from mbed/TARGET_NUCLEO_F103RB/TOOLCHAIN_ARM_STD/mbed.ar(SPI.o)(.init_array)
 <LI><a href="#[9c]">__sti___8_main_cpp_led</a> from .\build\main.o(i.__sti___8_main_cpp_led) referenced from .\build\main.o(.init_array)
 <LI><a href="#[51]">_get_lc_ctype</a> from C:\Keil_v5\ARM\ARMCC\Bin\..\lib\armlib\c_w.l(lc_ctype_c.o)(locale$$code) referenced from C:\Keil_v5\ARM\ARMCC\Bin\..\lib\armlib\c_w.l(rt_ctype_table.o)(.text)
 <LI><a href="#[4d]">_printf_input_char</a> from C:\Keil_v5\ARM\ARMCC\Bin\..\lib\armlib\c_w.l(_printf_char_common.o)(.text) referenced from C:\Keil_v5\ARM\ARMCC\Bin\..\lib\armlib\c_w.l(_printf_char_common.o)(.text)
 <LI><a href="#[4c]">_sbackspace</a> from C:\Keil_v5\ARM\ARMCC\Bin\..\lib\armlib\c_w.l(_sgetc.o)(.text) referenced from C:\Keil_v5\ARM\ARMCC\Bin\..\lib\armlib\c_w.l(__0sscanf.o)(.text)
 <LI><a href="#[4f]">_scanf_char_input</a> from C:\Keil_v5\ARM\ARMCC\Bin\..\lib\armlib\c_w.l(scanf_char.o)(.text) referenced from C:\Keil_v5\ARM\ARMCC\Bin\..\lib\armlib\c_w.l(scanf_char.o)(.text)
 <LI><a href="#[4b]">_sgetc</a> from C:\Keil_v5\ARM\ARMCC\Bin\..\lib\armlib\c_w.l(_sgetc.o)(.text) referenced from C:\Keil_v5\ARM\ARMCC\Bin\..\lib\armlib\c_w.l(__0sscanf.o)(.text)
 <LI><a href="#[49]">_snputc</a> from C:\Keil_v5\ARM\ARMCC\Bin\..\lib\armlib\c_w.l(_snputc.o)(.text) referenced 2 times from C:\Keil_v5\ARM\ARMCC\Bin\..\lib\armlib\c_w.l(vsnprintf.o)(.text)
 <LI><a href="#[4a]">_sputc</a> from C:\Keil_v5\ARM\ARMCC\Bin\..\lib\armlib\c_w.l(_sputc.o)(.text) referenced from C:\Keil_v5\ARM\ARMCC\Bin\..\lib\armlib\c_w.l(__2sprintf.o)(.text)
 <LI><a href="#[4e]">fputc</a> from C:\Keil_v5\ARM\ARMCC\Bin\..\lib\armlib\c_w.l(fputc.o)(i.fputc) referenced from C:\Keil_v5\ARM\ARMCC\Bin\..\lib\armlib\c_w.l(_printf_char_file.o)(.text)
 <LI><a href="#[6f]">gpio_irq0</a> from mbed/TARGET_NUCLEO_F103RB/TOOLCHAIN_ARM_STD/gpio_irq_api.o(i.gpio_irq0) referenced from mbed/TARGET_NUCLEO_F103RB/TOOLCHAIN_ARM_STD/gpio_irq_api.o(i.gpio_irq_init)
 <LI><a href="#[70]">gpio_irq1</a> from mbed/TARGET_NUCLEO_F103RB/TOOLCHAIN_ARM_STD/gpio_irq_api.o(i.gpio_irq1) referenced from mbed/TARGET_NUCLEO_F103RB/TOOLCHAIN_ARM_STD/gpio_irq_api.o(i.gpio_irq_init)
 <LI><a href="#[71]">gpio_irq2</a> from mbed/TARGET_NUCLEO_F103RB/TOOLCHAIN_ARM_STD/gpio_irq_api.o(i.gpio_irq2) referenced from mbed/TARGET_NUCLEO_F103RB/TOOLCHAIN_ARM_STD/gpio_irq_api.o(i.gpio_irq_init)
 <LI><a href="#[72]">gpio_irq3</a> from mbed/TARGET_NUCLEO_F103RB/TOOLCHAIN_ARM_STD/gpio_irq_api.o(i.gpio_irq3) referenced from mbed/TARGET_NUCLEO_F103RB/TOOLCHAIN_ARM_STD/gpio_irq_api.o(i.gpio_irq_init)
 <LI><a href="#[73]">gpio_irq4</a> from mbed/TARGET_NUCLEO_F103RB/TOOLCHAIN_ARM_STD/gpio_irq_api.o(i.gpio_irq4) referenced from mbed/TARGET_NUCLEO_F103RB/TOOLCHAIN_ARM_STD/gpio_irq_api.o(i.gpio_irq_init)
 <LI><a href="#[74]">gpio_irq5</a> from mbed/TARGET_NUCLEO_F103RB/TOOLCHAIN_ARM_STD/gpio_irq_api.o(i.gpio_irq5) referenced from mbed/TARGET_NUCLEO_F103RB/TOOLCHAIN_ARM_STD/gpio_irq_api.o(i.gpio_irq_init)
 <LI><a href="#[75]">gpio_irq6</a> from mbed/TARGET_NUCLEO_F103RB/TOOLCHAIN_ARM_STD/gpio_irq_api.o(i.gpio_irq6) referenced from mbed/TARGET_NUCLEO_F103RB/TOOLCHAIN_ARM_STD/gpio_irq_api.o(i.gpio_irq_init)
 <LI><a href="#[50]">isspace</a> from C:\Keil_v5\ARM\ARMCC\Bin\..\lib\armlib\c_w.l(isspace.o)(.text) referenced from C:\Keil_v5\ARM\ARMCC\Bin\..\lib\armlib\c_w.l(scanf_char.o)(.text)
 <LI><a href="#[9f]">rtc_init</a> from mbed/TARGET_NUCLEO_F103RB/TOOLCHAIN_ARM_STD/rtc_api.o(i.rtc_init) referenced from mbed/TARGET_NUCLEO_F103RB/TOOLCHAIN_ARM_STD/mbed.ar(mbed_rtc_time.o)(.data)
 <LI><a href="#[a0]">rtc_isenabled</a> from mbed/TARGET_NUCLEO_F103RB/TOOLCHAIN_ARM_STD/rtc_api.o(i.rtc_isenabled) referenced from mbed/TARGET_NUCLEO_F103RB/TOOLCHAIN_ARM_STD/mbed.ar(mbed_rtc_time.o)(.data)
 <LI><a href="#[a1]">rtc_read</a> from mbed/TARGET_NUCLEO_F103RB/TOOLCHAIN_ARM_STD/rtc_api.o(i.rtc_read) referenced from mbed/TARGET_NUCLEO_F103RB/TOOLCHAIN_ARM_STD/mbed.ar(mbed_rtc_time.o)(.data)
 <LI><a href="#[a2]">rtc_write</a> from mbed/TARGET_NUCLEO_F103RB/TOOLCHAIN_ARM_STD/rtc_api.o(i.rtc_write) referenced from mbed/TARGET_NUCLEO_F103RB/TOOLCHAIN_ARM_STD/mbed.ar(mbed_rtc_time.o)(.data)
 <LI><a href="#[52]">timer_irq_handler</a> from mbed/TARGET_NUCLEO_F103RB/TOOLCHAIN_ARM_STD/hal_tick_16b.o(i.timer_irq_handler) referenced from mbed/TARGET_NUCLEO_F103RB/TOOLCHAIN_ARM_STD/hal_tick_16b.o(i.HAL_InitTick)
 <LI><a href="#[7e]">us_ticker_clear_interrupt</a> from mbed/TARGET_NUCLEO_F103RB/TOOLCHAIN_ARM_STD/us_ticker_16b.o(i.us_ticker_clear_interrupt) referenced from mbed/TARGET_NUCLEO_F103RB/TOOLCHAIN_ARM_STD/mbed.ar(mbed_us_ticker_api.o)(.constdata)
 <LI><a href="#[7d]">us_ticker_disable_interrupt</a> from mbed/TARGET_NUCLEO_F103RB/TOOLCHAIN_ARM_STD/us_ticker_16b.o(i.us_ticker_disable_interrupt) referenced from mbed/TARGET_NUCLEO_F103RB/TOOLCHAIN_ARM_STD/mbed.ar(mbed_us_ticker_api.o)(.constdata)
 <LI><a href="#[7b]">us_ticker_init</a> from mbed/TARGET_NUCLEO_F103RB/TOOLCHAIN_ARM_STD/us_ticker_16b.o(i.us_ticker_init) referenced from mbed/TARGET_NUCLEO_F103RB/TOOLCHAIN_ARM_STD/mbed.ar(mbed_us_ticker_api.o)(.constdata)
 <LI><a href="#[7c]">us_ticker_read</a> from mbed/TARGET_NUCLEO_F103RB/TOOLCHAIN_ARM_STD/us_ticker_16b.o(i.us_ticker_read) referenced from mbed/TARGET_NUCLEO_F103RB/TOOLCHAIN_ARM_STD/mbed.ar(mbed_us_ticker_api.o)(.constdata)
 <LI><a href="#[7f]">us_ticker_set_interrupt</a> from mbed/TARGET_NUCLEO_F103RB/TOOLCHAIN_ARM_STD/us_ticker_16b.o(i.us_ticker_set_interrupt) referenced from mbed/TARGET_NUCLEO_F103RB/TOOLCHAIN_ARM_STD/mbed.ar(mbed_us_ticker_api.o)(.constdata)
</UL>
<P>
<H3>
Global Symbols
</H3>
<P><STRONG><a name="[a3]"></a>__main</STRONG> (Thumb, 8 bytes, Stack size 0 bytes, C:\Keil_v5\ARM\ARMCC\Bin\..\lib\armlib\c_w.l(__main.o)(!!!main))
<BR><BR>[Calls]<UL><LI><a href="#[a6]">&gt;&gt;</a>&nbsp;&nbsp;&nbsp;__rt_entry
<LI><a href="#[a5]">&gt;&gt;</a>&nbsp;&nbsp;&nbsp;__scatterload
</UL>

<P><STRONG><a name="[a5]"></a>__scatterload</STRONG> (Thumb, 0 bytes, Stack size unknown bytes, C:\Keil_v5\ARM\ARMCC\Bin\..\lib\armlib\c_w.l(__scatter.o)(!!!scatter))
<BR><BR>[Called By]<UL><LI><a href="#[a3]">&gt;&gt;</a>&nbsp;&nbsp;&nbsp;__main
</UL>

<P><STRONG><a name="[a7]"></a>__scatterload_rt2</STRONG> (Thumb, 44 bytes, Stack size unknown bytes, C:\Keil_v5\ARM\ARMCC\Bin\..\lib\armlib\c_w.l(__scatter.o)(!!!scatter), UNUSED)
<BR><BR>[Calls]<UL><LI><a href="#[a6]">&gt;&gt;</a>&nbsp;&nbsp;&nbsp;__rt_entry
</UL>

<P><STRONG><a name="[246]"></a>__scatterload_rt2_thumb_only</STRONG> (Thumb, 0 bytes, Stack size unknown bytes, C:\Keil_v5\ARM\ARMCC\Bin\..\lib\armlib\c_w.l(__scatter.o)(!!!scatter), UNUSED)

<P><STRONG><a name="[247]"></a>__scatterload_null</STRONG> (Thumb, 0 bytes, Stack size unknown bytes, C:\Keil_v5\ARM\ARMCC\Bin\..\lib\armlib\c_w.l(__scatter.o)(!!!scatter), UNUSED)

<P><STRONG><a name="[a8]"></a>__scatterload_copy</STRONG> (Thumb, 26 bytes, Stack size unknown bytes, C:\Keil_v5\ARM\ARMCC\Bin\..\lib\armlib\c_w.l(__scatter_copy.o)(!!handler_copy), UNUSED)
<BR><BR>[Calls]<UL><LI><a href="#[a8]">&gt;&gt;</a>&nbsp;&nbsp;&nbsp;__scatterload_copy
</UL>
<BR>[Called By]<UL><LI><a href="#[a8]">&gt;&gt;</a>&nbsp;&nbsp;&nbsp;__scatterload_copy
</UL>

<P><STRONG><a name="[248]"></a>__scatterload_zeroinit</STRONG> (Thumb, 28 bytes, Stack size unknown bytes, C:\Keil_v5\ARM\ARMCC\Bin\..\lib\armlib\c_w.l(__scatter_zi.o)(!!handler_zi), UNUSED)

<P><STRONG><a name="[a9]"></a>_printf_n</STRONG> (Thumb, 0 bytes, Stack size unknown bytes, C:\Keil_v5\ARM\ARMCC\Bin\..\lib\armlib\c_w.l(_printf_n.o)(.ARM.Collect$$_printf_percent$$00000001))
<BR><BR>[Calls]<UL><LI><a href="#[aa]">&gt;&gt;</a>&nbsp;&nbsp;&nbsp;_printf_charcount
</UL>

<P><STRONG><a name="[f3]"></a>_printf_percent</STRONG> (Thumb, 0 bytes, Stack size unknown bytes, C:\Keil_v5\ARM\ARMCC\Bin\..\lib\armlib\c_w.l(_printf_percent.o)(.ARM.Collect$$_printf_percent$$00000000))
<BR><BR>[Called By]<UL><LI><a href="#[f1]">&gt;&gt;</a>&nbsp;&nbsp;&nbsp;__printf
</UL>

<P><STRONG><a name="[ab]"></a>_printf_p</STRONG> (Thumb, 0 bytes, Stack size unknown bytes, C:\Keil_v5\ARM\ARMCC\Bin\..\lib\armlib\c_w.l(_printf_p.o)(.ARM.Collect$$_printf_percent$$00000002))
<BR><BR>[Stack]<UL><LI>Max Depth = 64 + Unknown Stack Size
<LI>Call Chain = _printf_p &rArr; _printf_hex_ptr &rArr; _printf_longlong_hex &rArr; _printf_int_common &rArr; _printf_post_padding
</UL>
<BR>[Calls]<UL><LI><a href="#[ac]">&gt;&gt;</a>&nbsp;&nbsp;&nbsp;_printf_hex_ptr
</UL>

<P><STRONG><a name="[ad]"></a>_printf_f</STRONG> (Thumb, 0 bytes, Stack size unknown bytes, C:\Keil_v5\ARM\ARMCC\Bin\..\lib\armlib\c_w.l(_printf_f.o)(.ARM.Collect$$_printf_percent$$00000003))
<BR><BR>[Stack]<UL><LI>Max Depth = 324 + Unknown Stack Size
<LI>Call Chain = _printf_f &rArr; _printf_fp_dec &rArr; _printf_fp_dec_real &rArr; _fp_digits &rArr; _btod_etento &rArr; _btod_emul &rArr; _e2e
</UL>
<BR>[Calls]<UL><LI><a href="#[ae]">&gt;&gt;</a>&nbsp;&nbsp;&nbsp;_printf_fp_dec
</UL>

<P><STRONG><a name="[af]"></a>_printf_e</STRONG> (Thumb, 0 bytes, Stack size unknown bytes, C:\Keil_v5\ARM\ARMCC\Bin\..\lib\armlib\c_w.l(_printf_e.o)(.ARM.Collect$$_printf_percent$$00000004))
<BR><BR>[Stack]<UL><LI>Max Depth = 324 + Unknown Stack Size
<LI>Call Chain = _printf_e &rArr; _printf_fp_dec &rArr; _printf_fp_dec_real &rArr; _fp_digits &rArr; _btod_etento &rArr; _btod_emul &rArr; _e2e
</UL>
<BR>[Calls]<UL><LI><a href="#[ae]">&gt;&gt;</a>&nbsp;&nbsp;&nbsp;_printf_fp_dec
</UL>

<P><STRONG><a name="[b0]"></a>_printf_g</STRONG> (Thumb, 0 bytes, Stack size unknown bytes, C:\Keil_v5\ARM\ARMCC\Bin\..\lib\armlib\c_w.l(_printf_g.o)(.ARM.Collect$$_printf_percent$$00000005))
<BR><BR>[Stack]<UL><LI>Max Depth = 324 + Unknown Stack Size
<LI>Call Chain = _printf_g &rArr; _printf_fp_dec &rArr; _printf_fp_dec_real &rArr; _fp_digits &rArr; _btod_etento &rArr; _btod_emul &rArr; _e2e
</UL>
<BR>[Calls]<UL><LI><a href="#[ae]">&gt;&gt;</a>&nbsp;&nbsp;&nbsp;_printf_fp_dec
</UL>

<P><STRONG><a name="[b1]"></a>_printf_a</STRONG> (Thumb, 0 bytes, Stack size unknown bytes, C:\Keil_v5\ARM\ARMCC\Bin\..\lib\armlib\c_w.l(_printf_a.o)(.ARM.Collect$$_printf_percent$$00000006))
<BR><BR>[Stack]<UL><LI>Max Depth = 112 + Unknown Stack Size
<LI>Call Chain = _printf_a &rArr; _printf_fp_hex &rArr; _printf_fp_hex_real &rArr; _printf_fp_infnan &rArr; _printf_post_padding
</UL>
<BR>[Calls]<UL><LI><a href="#[b2]">&gt;&gt;</a>&nbsp;&nbsp;&nbsp;_printf_fp_hex
</UL>

<P><STRONG><a name="[249]"></a>_printf_ll</STRONG> (Thumb, 0 bytes, Stack size unknown bytes, C:\Keil_v5\ARM\ARMCC\Bin\..\lib\armlib\c_w.l(_printf_ll.o)(.ARM.Collect$$_printf_percent$$00000007))

<P><STRONG><a name="[b3]"></a>_printf_i</STRONG> (Thumb, 0 bytes, Stack size unknown bytes, C:\Keil_v5\ARM\ARMCC\Bin\..\lib\armlib\c_w.l(_printf_i.o)(.ARM.Collect$$_printf_percent$$00000008))
<BR><BR>[Stack]<UL><LI>Max Depth = 72 + Unknown Stack Size
<LI>Call Chain = _printf_i &rArr; _printf_int_dec &rArr; _printf_int_common &rArr; _printf_post_padding
</UL>
<BR>[Calls]<UL><LI><a href="#[b4]">&gt;&gt;</a>&nbsp;&nbsp;&nbsp;_printf_int_dec
</UL>

<P><STRONG><a name="[b5]"></a>_printf_d</STRONG> (Thumb, 0 bytes, Stack size unknown bytes, C:\Keil_v5\ARM\ARMCC\Bin\..\lib\armlib\c_w.l(_printf_d.o)(.ARM.Collect$$_printf_percent$$00000009))
<BR><BR>[Stack]<UL><LI>Max Depth = 72 + Unknown Stack Size
<LI>Call Chain = _printf_d &rArr; _printf_int_dec &rArr; _printf_int_common &rArr; _printf_post_padding
</UL>
<BR>[Calls]<UL><LI><a href="#[b4]">&gt;&gt;</a>&nbsp;&nbsp;&nbsp;_printf_int_dec
</UL>

<P><STRONG><a name="[b6]"></a>_printf_u</STRONG> (Thumb, 0 bytes, Stack size unknown bytes, C:\Keil_v5\ARM\ARMCC\Bin\..\lib\armlib\c_w.l(_printf_u.o)(.ARM.Collect$$_printf_percent$$0000000A))
<BR><BR>[Stack]<UL><LI>Max Depth = 72 + Unknown Stack Size
<LI>Call Chain = _printf_u &rArr; _printf_int_dec &rArr; _printf_int_common &rArr; _printf_post_padding
</UL>
<BR>[Calls]<UL><LI><a href="#[b4]">&gt;&gt;</a>&nbsp;&nbsp;&nbsp;_printf_int_dec
</UL>

<P><STRONG><a name="[b7]"></a>_printf_o</STRONG> (Thumb, 0 bytes, Stack size unknown bytes, C:\Keil_v5\ARM\ARMCC\Bin\..\lib\armlib\c_w.l(_printf_o.o)(.ARM.Collect$$_printf_percent$$0000000B))
<BR><BR>[Stack]<UL><LI>Max Depth = 64 + Unknown Stack Size
<LI>Call Chain = _printf_o &rArr; _printf_int_oct &rArr; _printf_longlong_oct &rArr; _printf_int_common &rArr; _printf_post_padding
</UL>
<BR>[Calls]<UL><LI><a href="#[b8]">&gt;&gt;</a>&nbsp;&nbsp;&nbsp;_printf_int_oct
</UL>

<P><STRONG><a name="[b9]"></a>_printf_x</STRONG> (Thumb, 0 bytes, Stack size unknown bytes, C:\Keil_v5\ARM\ARMCC\Bin\..\lib\armlib\c_w.l(_printf_x.o)(.ARM.Collect$$_printf_percent$$0000000C))
<BR><BR>[Stack]<UL><LI>Max Depth = 80 + Unknown Stack Size
<LI>Call Chain = _printf_x &rArr; _printf_int_hex &rArr; _printf_longlong_hex &rArr; _printf_int_common &rArr; _printf_post_padding
</UL>
<BR>[Calls]<UL><LI><a href="#[ba]">&gt;&gt;</a>&nbsp;&nbsp;&nbsp;_printf_int_hex
</UL>

<P><STRONG><a name="[bb]"></a>_printf_lli</STRONG> (Thumb, 0 bytes, Stack size unknown bytes, C:\Keil_v5\ARM\ARMCC\Bin\..\lib\armlib\c_w.l(_printf_lli.o)(.ARM.Collect$$_printf_percent$$0000000D))
<BR><BR>[Stack]<UL><LI>Max Depth = 72 + Unknown Stack Size
<LI>Call Chain = _printf_lli &rArr; _printf_longlong_dec &rArr; _printf_int_common &rArr; _printf_post_padding
</UL>
<BR>[Calls]<UL><LI><a href="#[bc]">&gt;&gt;</a>&nbsp;&nbsp;&nbsp;_printf_longlong_dec
</UL>

<P><STRONG><a name="[bd]"></a>_printf_lld</STRONG> (Thumb, 0 bytes, Stack size unknown bytes, C:\Keil_v5\ARM\ARMCC\Bin\..\lib\armlib\c_w.l(_printf_lld.o)(.ARM.Collect$$_printf_percent$$0000000E))
<BR><BR>[Stack]<UL><LI>Max Depth = 72 + Unknown Stack Size
<LI>Call Chain = _printf_lld &rArr; _printf_longlong_dec &rArr; _printf_int_common &rArr; _printf_post_padding
</UL>
<BR>[Calls]<UL><LI><a href="#[bc]">&gt;&gt;</a>&nbsp;&nbsp;&nbsp;_printf_longlong_dec
</UL>

<P><STRONG><a name="[be]"></a>_printf_llu</STRONG> (Thumb, 0 bytes, Stack size unknown bytes, C:\Keil_v5\ARM\ARMCC\Bin\..\lib\armlib\c_w.l(_printf_llu.o)(.ARM.Collect$$_printf_percent$$0000000F))
<BR><BR>[Stack]<UL><LI>Max Depth = 72 + Unknown Stack Size
<LI>Call Chain = _printf_llu &rArr; _printf_longlong_dec &rArr; _printf_int_common &rArr; _printf_post_padding
</UL>
<BR>[Calls]<UL><LI><a href="#[bc]">&gt;&gt;</a>&nbsp;&nbsp;&nbsp;_printf_longlong_dec
</UL>

<P><STRONG><a name="[bf]"></a>_printf_llo</STRONG> (Thumb, 0 bytes, Stack size unknown bytes, C:\Keil_v5\ARM\ARMCC\Bin\..\lib\armlib\c_w.l(_printf_llo.o)(.ARM.Collect$$_printf_percent$$00000010))
<BR><BR>[Stack]<UL><LI>Max Depth = 56 + Unknown Stack Size
<LI>Call Chain = _printf_llo &rArr; _printf_ll_oct &rArr; _printf_longlong_oct &rArr; _printf_int_common &rArr; _printf_post_padding
</UL>
<BR>[Calls]<UL><LI><a href="#[c0]">&gt;&gt;</a>&nbsp;&nbsp;&nbsp;_printf_ll_oct
</UL>

<P><STRONG><a name="[c1]"></a>_printf_llx</STRONG> (Thumb, 0 bytes, Stack size unknown bytes, C:\Keil_v5\ARM\ARMCC\Bin\..\lib\armlib\c_w.l(_printf_llx.o)(.ARM.Collect$$_printf_percent$$00000011))
<BR><BR>[Stack]<UL><LI>Max Depth = 64 + Unknown Stack Size
<LI>Call Chain = _printf_llx &rArr; _printf_ll_hex &rArr; _printf_longlong_hex &rArr; _printf_int_common &rArr; _printf_post_padding
</UL>
<BR>[Calls]<UL><LI><a href="#[c2]">&gt;&gt;</a>&nbsp;&nbsp;&nbsp;_printf_ll_hex
</UL>

<P><STRONG><a name="[24a]"></a>_printf_l</STRONG> (Thumb, 0 bytes, Stack size unknown bytes, C:\Keil_v5\ARM\ARMCC\Bin\..\lib\armlib\c_w.l(_printf_l.o)(.ARM.Collect$$_printf_percent$$00000012))

<P><STRONG><a name="[c3]"></a>_printf_c</STRONG> (Thumb, 0 bytes, Stack size unknown bytes, C:\Keil_v5\ARM\ARMCC\Bin\..\lib\armlib\c_w.l(_printf_c.o)(.ARM.Collect$$_printf_percent$$00000013))
<BR><BR>[Stack]<UL><LI>Max Depth = 40 + Unknown Stack Size
<LI>Call Chain = _printf_c &rArr; _printf_char &rArr; _printf_cs_common &rArr; _printf_str &rArr; _printf_post_padding
</UL>
<BR>[Calls]<UL><LI><a href="#[c4]">&gt;&gt;</a>&nbsp;&nbsp;&nbsp;_printf_char
</UL>

<P><STRONG><a name="[c5]"></a>_printf_s</STRONG> (Thumb, 0 bytes, Stack size unknown bytes, C:\Keil_v5\ARM\ARMCC\Bin\..\lib\armlib\c_w.l(_printf_s.o)(.ARM.Collect$$_printf_percent$$00000014))
<BR><BR>[Stack]<UL><LI>Max Depth = 40 + Unknown Stack Size
<LI>Call Chain = _printf_s &rArr; _printf_string &rArr; _printf_cs_common &rArr; _printf_str &rArr; _printf_post_padding
</UL>
<BR>[Calls]<UL><LI><a href="#[c6]">&gt;&gt;</a>&nbsp;&nbsp;&nbsp;_printf_string
</UL>

<P><STRONG><a name="[c7]"></a>_printf_lc</STRONG> (Thumb, 0 bytes, Stack size unknown bytes, C:\Keil_v5\ARM\ARMCC\Bin\..\lib\armlib\c_w.l(_printf_lc.o)(.ARM.Collect$$_printf_percent$$00000015))
<BR><BR>[Stack]<UL><LI>Max Depth = 88 + Unknown Stack Size
<LI>Call Chain = _printf_lc &rArr; _printf_wchar &rArr; _printf_lcs_common &rArr; _printf_wctomb &rArr; _wcrtomb &rArr; __rt_ctype_table
</UL>
<BR>[Calls]<UL><LI><a href="#[c8]">&gt;&gt;</a>&nbsp;&nbsp;&nbsp;_printf_wchar
</UL>

<P><STRONG><a name="[c9]"></a>_printf_ls</STRONG> (Thumb, 0 bytes, Stack size unknown bytes, C:\Keil_v5\ARM\ARMCC\Bin\..\lib\armlib\c_w.l(_printf_ls.o)(.ARM.Collect$$_printf_percent$$00000016))
<BR><BR>[Stack]<UL><LI>Max Depth = 88 + Unknown Stack Size
<LI>Call Chain = _printf_ls &rArr; _printf_wstring &rArr; _printf_lcs_common &rArr; _printf_wctomb &rArr; _wcrtomb &rArr; __rt_ctype_table
</UL>
<BR>[Calls]<UL><LI><a href="#[ca]">&gt;&gt;</a>&nbsp;&nbsp;&nbsp;_printf_wstring
</UL>

<P><STRONG><a name="[24b]"></a>_printf_percent_end</STRONG> (Thumb, 0 bytes, Stack size unknown bytes, C:\Keil_v5\ARM\ARMCC\Bin\..\lib\armlib\c_w.l(_printf_percent_end.o)(.ARM.Collect$$_printf_percent$$00000017))

<P><STRONG><a name="[dc]"></a>__rt_lib_init</STRONG> (Thumb, 0 bytes, Stack size unknown bytes, C:\Keil_v5\ARM\ARMCC\Bin\..\lib\armlib\c_w.l(libinit.o)(.ARM.Collect$$libinit$$00000000))
<BR><BR>[Called By]<UL><LI><a href="#[db]">&gt;&gt;</a>&nbsp;&nbsp;&nbsp;__rt_entry_li
</UL>

<P><STRONG><a name="[24c]"></a>__rt_lib_init_fp_1</STRONG> (Thumb, 0 bytes, Stack size unknown bytes, C:\Keil_v5\ARM\ARMCC\Bin\..\lib\armlib\c_w.l(libinit2.o)(.ARM.Collect$$libinit$$00000002))

<P><STRONG><a name="[cb]"></a>__rt_lib_init_heap_2</STRONG> (Thumb, 0 bytes, Stack size unknown bytes, C:\Keil_v5\ARM\ARMCC\Bin\..\lib\armlib\c_w.l(libinit2.o)(.ARM.Collect$$libinit$$00000005))
<BR><BR>[Stack]<UL><LI>Max Depth = 64 + Unknown Stack Size
<LI>Call Chain = __rt_lib_init_heap_2 &rArr; _init_alloc &rArr; __rt_SIGRTMEM &rArr; __rt_SIGRTMEM_inner &rArr; __default_signal_display &rArr; _ttywrch
</UL>
<BR>[Calls]<UL><LI><a href="#[cc]">&gt;&gt;</a>&nbsp;&nbsp;&nbsp;_init_alloc
</UL>

<P><STRONG><a name="[24d]"></a>__rt_lib_init_preinit_1</STRONG> (Thumb, 0 bytes, Stack size unknown bytes, C:\Keil_v5\ARM\ARMCC\Bin\..\lib\armlib\c_w.l(libinit2.o)(.ARM.Collect$$libinit$$00000004))

<P><STRONG><a name="[24e]"></a>__rt_lib_init_heap_1</STRONG> (Thumb, 0 bytes, Stack size unknown bytes, C:\Keil_v5\ARM\ARMCC\Bin\..\lib\armlib\c_w.l(libinit2.o)(.ARM.Collect$$libinit$$0000000A))

<P><STRONG><a name="[cd]"></a>__rt_lib_init_rand_2</STRONG> (Thumb, 0 bytes, Stack size unknown bytes, C:\Keil_v5\ARM\ARMCC\Bin\..\lib\armlib\c_w.l(libinit2.o)(.ARM.Collect$$libinit$$0000000D))
<BR><BR>[Stack]<UL><LI>Max Depth = 8 + Unknown Stack Size
<LI>Call Chain = __rt_lib_init_rand_2 &rArr; _rand_init &rArr; srand
</UL>
<BR>[Calls]<UL><LI><a href="#[ce]">&gt;&gt;</a>&nbsp;&nbsp;&nbsp;_rand_init
</UL>

<P><STRONG><a name="[24f]"></a>__rt_lib_init_user_alloc_1</STRONG> (Thumb, 0 bytes, Stack size unknown bytes, C:\Keil_v5\ARM\ARMCC\Bin\..\lib\armlib\c_w.l(libinit2.o)(.ARM.Collect$$libinit$$0000000C))

<P><STRONG><a name="[cf]"></a>__rt_lib_init_lc_common</STRONG> (Thumb, 0 bytes, Stack size unknown bytes, C:\Keil_v5\ARM\ARMCC\Bin\..\lib\armlib\c_w.l(libinit2.o)(.ARM.Collect$$libinit$$0000000F))
<BR><BR>[Calls]<UL><LI><a href="#[d0]">&gt;&gt;</a>&nbsp;&nbsp;&nbsp;__rt_locale
</UL>

<P><STRONG><a name="[250]"></a>__rt_lib_init_rand_1</STRONG> (Thumb, 0 bytes, Stack size unknown bytes, C:\Keil_v5\ARM\ARMCC\Bin\..\lib\armlib\c_w.l(libinit2.o)(.ARM.Collect$$libinit$$0000000E))

<P><STRONG><a name="[251]"></a>__rt_lib_init_lc_collate_1</STRONG> (Thumb, 0 bytes, Stack size unknown bytes, C:\Keil_v5\ARM\ARMCC\Bin\..\lib\armlib\c_w.l(libinit2.o)(.ARM.Collect$$libinit$$00000011))

<P><STRONG><a name="[d1]"></a>__rt_lib_init_lc_ctype_2</STRONG> (Thumb, 0 bytes, Stack size unknown bytes, C:\Keil_v5\ARM\ARMCC\Bin\..\lib\armlib\c_w.l(libinit2.o)(.ARM.Collect$$libinit$$00000012))
<BR><BR>[Stack]<UL><LI>Max Depth = 8 + Unknown Stack Size
<LI>Call Chain = __rt_lib_init_lc_ctype_2 &rArr; _get_lc_ctype
</UL>
<BR>[Calls]<UL><LI><a href="#[51]">&gt;&gt;</a>&nbsp;&nbsp;&nbsp;_get_lc_ctype
</UL>

<P><STRONG><a name="[252]"></a>__rt_lib_init_lc_ctype_1</STRONG> (Thumb, 0 bytes, Stack size unknown bytes, C:\Keil_v5\ARM\ARMCC\Bin\..\lib\armlib\c_w.l(libinit2.o)(.ARM.Collect$$libinit$$00000013))

<P><STRONG><a name="[253]"></a>__rt_lib_init_lc_monetary_1</STRONG> (Thumb, 0 bytes, Stack size unknown bytes, C:\Keil_v5\ARM\ARMCC\Bin\..\lib\armlib\c_w.l(libinit2.o)(.ARM.Collect$$libinit$$00000015))

<P><STRONG><a name="[d2]"></a>__rt_lib_init_lc_numeric_2</STRONG> (Thumb, 0 bytes, Stack size unknown bytes, C:\Keil_v5\ARM\ARMCC\Bin\..\lib\armlib\c_w.l(libinit2.o)(.ARM.Collect$$libinit$$00000016))
<BR><BR>[Stack]<UL><LI>Max Depth = 8 + Unknown Stack Size
<LI>Call Chain = __rt_lib_init_lc_numeric_2 &rArr; _get_lc_numeric
</UL>
<BR>[Calls]<UL><LI><a href="#[d3]">&gt;&gt;</a>&nbsp;&nbsp;&nbsp;_get_lc_numeric
</UL>

<P><STRONG><a name="[254]"></a>__rt_lib_init_atexit_1</STRONG> (Thumb, 0 bytes, Stack size unknown bytes, C:\Keil_v5\ARM\ARMCC\Bin\..\lib\armlib\c_w.l(libinit2.o)(.ARM.Collect$$libinit$$0000001B))

<P><STRONG><a name="[255]"></a>__rt_lib_init_clock_1</STRONG> (Thumb, 0 bytes, Stack size unknown bytes, C:\Keil_v5\ARM\ARMCC\Bin\..\lib\armlib\c_w.l(libinit2.o)(.ARM.Collect$$libinit$$00000021))

<P><STRONG><a name="[256]"></a>__rt_lib_init_fp_trap_1</STRONG> (Thumb, 0 bytes, Stack size unknown bytes, C:\Keil_v5\ARM\ARMCC\Bin\..\lib\armlib\c_w.l(libinit2.o)(.ARM.Collect$$libinit$$0000001F))

<P><STRONG><a name="[257]"></a>__rt_lib_init_getenv_1</STRONG> (Thumb, 0 bytes, Stack size unknown bytes, C:\Keil_v5\ARM\ARMCC\Bin\..\lib\armlib\c_w.l(libinit2.o)(.ARM.Collect$$libinit$$00000023))

<P><STRONG><a name="[258]"></a>__rt_lib_init_lc_numeric_1</STRONG> (Thumb, 0 bytes, Stack size unknown bytes, C:\Keil_v5\ARM\ARMCC\Bin\..\lib\armlib\c_w.l(libinit2.o)(.ARM.Collect$$libinit$$00000017))

<P><STRONG><a name="[259]"></a>__rt_lib_init_lc_time_1</STRONG> (Thumb, 0 bytes, Stack size unknown bytes, C:\Keil_v5\ARM\ARMCC\Bin\..\lib\armlib\c_w.l(libinit2.o)(.ARM.Collect$$libinit$$00000019))

<P><STRONG><a name="[25a]"></a>__rt_lib_init_signal_1</STRONG> (Thumb, 0 bytes, Stack size unknown bytes, C:\Keil_v5\ARM\ARMCC\Bin\..\lib\armlib\c_w.l(libinit2.o)(.ARM.Collect$$libinit$$0000001D))

<P><STRONG><a name="[d4]"></a>__rt_lib_init_stdio_2</STRONG> (Thumb, 0 bytes, Stack size unknown bytes, C:\Keil_v5\ARM\ARMCC\Bin\..\lib\armlib\c_w.l(libinit2.o)(.ARM.Collect$$libinit$$00000024))
<BR><BR>[Stack]<UL><LI>Max Depth = 624 + Unknown Stack Size
<LI>Call Chain = __rt_lib_init_stdio_2 &rArr; _initio &rArr; freopen &rArr; _fclose_internal &rArr; _fflush &rArr; _writebuf &rArr; _sys_write &rArr; serial_baud &rArr; init_uart &rArr; error &rArr; mbed_error_vfprintf &rArr; core_util_critical_section_enter &rArr; mbed_assert_internal &rArr;  mbed_die (Cycle)
</UL>
<BR>[Calls]<UL><LI><a href="#[d5]">&gt;&gt;</a>&nbsp;&nbsp;&nbsp;_initio
</UL>

<P><STRONG><a name="[25b]"></a>__rt_lib_init_alloca_1</STRONG> (Thumb, 0 bytes, Stack size unknown bytes, C:\Keil_v5\ARM\ARMCC\Bin\..\lib\armlib\c_w.l(libinit2.o)(.ARM.Collect$$libinit$$0000002E))

<P><STRONG><a name="[25c]"></a>__rt_lib_init_argv_1</STRONG> (Thumb, 0 bytes, Stack size unknown bytes, C:\Keil_v5\ARM\ARMCC\Bin\..\lib\armlib\c_w.l(libinit2.o)(.ARM.Collect$$libinit$$0000002C))

<P><STRONG><a name="[d6]"></a>__rt_lib_init_cpp_2</STRONG> (Thumb, 0 bytes, Stack size unknown bytes, C:\Keil_v5\ARM\ARMCC\Bin\..\lib\armlib\c_w.l(libinit2.o)(.ARM.Collect$$libinit$$00000031))
<BR><BR>[Stack]<UL><LI>Max Depth = 16 + Unknown Stack Size
<LI>Call Chain = __rt_lib_init_cpp_2 &rArr; __cpp_initialize__aeabi_
</UL>
<BR>[Calls]<UL><LI><a href="#[a4]">&gt;&gt;</a>&nbsp;&nbsp;&nbsp;__cpp_initialize__aeabi_
</UL>

<P><STRONG><a name="[25d]"></a>__rt_lib_init_exceptions_1</STRONG> (Thumb, 0 bytes, Stack size unknown bytes, C:\Keil_v5\ARM\ARMCC\Bin\..\lib\armlib\c_w.l(libinit2.o)(.ARM.Collect$$libinit$$00000030))

<P><STRONG><a name="[25e]"></a>__rt_lib_init_stdio_1</STRONG> (Thumb, 0 bytes, Stack size unknown bytes, C:\Keil_v5\ARM\ARMCC\Bin\..\lib\armlib\c_w.l(libinit2.o)(.ARM.Collect$$libinit$$00000025))

<P><STRONG><a name="[25f]"></a>__rt_lib_init_cpp_1</STRONG> (Thumb, 0 bytes, Stack size unknown bytes, C:\Keil_v5\ARM\ARMCC\Bin\..\lib\armlib\c_w.l(libinit2.o)(.ARM.Collect$$libinit$$00000032))

<P><STRONG><a name="[260]"></a>__rt_lib_init_return</STRONG> (Thumb, 0 bytes, Stack size unknown bytes, C:\Keil_v5\ARM\ARMCC\Bin\..\lib\armlib\c_w.l(libinit2.o)(.ARM.Collect$$libinit$$00000033))

<P><STRONG><a name="[a6]"></a>__rt_entry</STRONG> (Thumb, 0 bytes, Stack size unknown bytes, C:\Keil_v5\ARM\ARMCC\Bin\..\lib\armlib\c_w.l(__rtentry.o)(.ARM.Collect$$rtentry$$00000000))
<BR><BR>[Called By]<UL><LI><a href="#[a3]">&gt;&gt;</a>&nbsp;&nbsp;&nbsp;__main
<LI><a href="#[a7]">&gt;&gt;</a>&nbsp;&nbsp;&nbsp;__scatterload_rt2
</UL>

<P><STRONG><a name="[261]"></a>__rt_entry_presh_1</STRONG> (Thumb, 0 bytes, Stack size unknown bytes, C:\Keil_v5\ARM\ARMCC\Bin\..\lib\armlib\c_w.l(__rtentry2.o)(.ARM.Collect$$rtentry$$00000002))

<P><STRONG><a name="[d7]"></a>__rt_entry_sh</STRONG> (Thumb, 0 bytes, Stack size unknown bytes, C:\Keil_v5\ARM\ARMCC\Bin\..\lib\armlib\c_w.l(__rtentry4.o)(.ARM.Collect$$rtentry$$00000004))
<BR><BR>[Calls]<UL><LI><a href="#[d8]">&gt;&gt;</a>&nbsp;&nbsp;&nbsp;__user_setup_stackheap
</UL>

<P><STRONG><a name="[262]"></a>__rt_lib_shutdown_stdio_2</STRONG> (Thumb, 0 bytes, Stack size unknown bytes, C:\Keil_v5\ARM\ARMCC\Bin\..\lib\armlib\c_w.l(libshutdown2.o)(.ARM.Collect$$libshutdown$$00000004))

<P><STRONG><a name="[d9]"></a>__rt_entry_postsh_1</STRONG> (Thumb, 0 bytes, Stack size unknown bytes, C:\Keil_v5\ARM\ARMCC\Bin\..\lib\armlib\c_w.l(__rtentry2.o)(.ARM.Collect$$rtentry$$00000008))
<BR><BR>[Stack]<UL><LI>Max Depth = 192 + Unknown Stack Size
<LI>Call Chain = __rt_entry_postsh_1 &rArr; _platform_post_stackheap_init &rArr; mbed_sdk_init &rArr; SetSysClock &rArr; HAL_RCC_ClockConfig &rArr; HAL_InitTick &rArr; HAL_TIM_Base_Init &rArr; TIM_Base_SetConfig
</UL>
<BR>[Calls]<UL><LI><a href="#[da]">&gt;&gt;</a>&nbsp;&nbsp;&nbsp;_platform_post_stackheap_init
</UL>

<P><STRONG><a name="[db]"></a>__rt_entry_li</STRONG> (Thumb, 0 bytes, Stack size unknown bytes, C:\Keil_v5\ARM\ARMCC\Bin\..\lib\armlib\c_w.l(__rtentry2.o)(.ARM.Collect$$rtentry$$0000000A))
<BR><BR>[Calls]<UL><LI><a href="#[dc]">&gt;&gt;</a>&nbsp;&nbsp;&nbsp;__rt_lib_init
</UL>

<P><STRONG><a name="[dd]"></a>__rt_entry_main</STRONG> (Thumb, 0 bytes, Stack size unknown bytes, C:\Keil_v5\ARM\ARMCC\Bin\..\lib\armlib\c_w.l(__rtentry2.o)(.ARM.Collect$$rtentry$$0000000D))
<BR><BR>[Stack]<UL><LI>Max Depth = 2256 + Unknown Stack Size
<LI>Call Chain = __rt_entry_main &rArr; main &rArr; $Super$$main &rArr; EthernetFunctions::ConnectServer(unsigned char*, WIZnetInterface*, const char*, const char*, const char*) &rArr; WIZnetInterface::connect() &rArr; WIZnetInterface::IPrenew(int) &rArr; DHCPClient::setup(int) &rArr; Endpoint::set_address(const char*, int) &rArr; WIZnet_Chip::gethostbyname(const char*, unsigned*) &rArr; DNSClient::lookup(const char*) &rArr; DNSClient::callback() &rArr; UDPSocket::receiveFrom(Endpoint&, char*, int) &rArr; WIZnet_Chip::wait_readable(int, int, int) &rArr; mbed::Timer::read_ms() &rArr; core_util_critical_section_enter &rArr; mbed_assert_internal &rArr;  mbed_die (Cycle)
</UL>
<BR>[Calls]<UL><LI><a href="#[de]">&gt;&gt;</a>&nbsp;&nbsp;&nbsp;main
<LI><a href="#[df]">&gt;&gt;</a>&nbsp;&nbsp;&nbsp;exit
</UL>

<P><STRONG><a name="[263]"></a>__rt_entry_postli_1</STRONG> (Thumb, 0 bytes, Stack size unknown bytes, C:\Keil_v5\ARM\ARMCC\Bin\..\lib\armlib\c_w.l(__rtentry2.o)(.ARM.Collect$$rtentry$$0000000C))

<P><STRONG><a name="[19d]"></a>rand</STRONG> (Thumb, 48 bytes, Stack size 0 bytes, C:\Keil_v5\ARM\ARMCC\Bin\..\lib\armlib\c_w.l(rand.o)(.emb_text))
<BR><BR>[Called By]<UL><LI><a href="#[21b]">&gt;&gt;</a>&nbsp;&nbsp;&nbsp;DNSClient::resolve(const char*)
<LI><a href="#[21c]">&gt;&gt;</a>&nbsp;&nbsp;&nbsp;DNSClient::query(unsigned char*, int, const char*)
<LI><a href="#[18c]">&gt;&gt;</a>&nbsp;&nbsp;&nbsp;DHCPClient::discover()
</UL>

<P><STRONG><a name="[12]"></a>Reset_Handler</STRONG> (Thumb, 8 bytes, Stack size 0 bytes, mbed/TARGET_NUCLEO_F103RB/TOOLCHAIN_ARM_STD/startup_stm32f103xb.o(.text))
<BR>[Address Reference Count : 1]<UL><LI> startup_stm32f103xb.o(RESET)
</UL>
<P><STRONG><a name="[264]"></a>_maybe_terminate_alloc</STRONG> (Thumb, 0 bytes, Stack size 0 bytes, C:\Keil_v5\ARM\ARMCC\Bin\..\lib\armlib\c_w.l(maybetermalloc1.o)(.emb_text), UNUSED)

<P><STRONG><a name="[13]"></a>NMI_Handler</STRONG> (Thumb, 2 bytes, Stack size 0 bytes, mbed/TARGET_NUCLEO_F103RB/TOOLCHAIN_ARM_STD/startup_stm32f103xb.o(.text))
<BR><BR>[Calls]<UL><LI><a href="#[13]">&gt;&gt;</a>&nbsp;&nbsp;&nbsp;NMI_Handler
</UL>
<BR>[Called By]<UL><LI><a href="#[13]">&gt;&gt;</a>&nbsp;&nbsp;&nbsp;NMI_Handler
</UL>
<BR>[Address Reference Count : 1]<UL><LI> startup_stm32f103xb.o(RESET)
</UL>
<P><STRONG><a name="[14]"></a>HardFault_Handler</STRONG> (Thumb, 2 bytes, Stack size 0 bytes, mbed/TARGET_NUCLEO_F103RB/TOOLCHAIN_ARM_STD/startup_stm32f103xb.o(.text))
<BR><BR>[Calls]<UL><LI><a href="#[14]">&gt;&gt;</a>&nbsp;&nbsp;&nbsp;HardFault_Handler
</UL>
<BR>[Called By]<UL><LI><a href="#[14]">&gt;&gt;</a>&nbsp;&nbsp;&nbsp;HardFault_Handler
</UL>
<BR>[Address Reference Count : 1]<UL><LI> startup_stm32f103xb.o(RESET)
</UL>
<P><STRONG><a name="[15]"></a>MemManage_Handler</STRONG> (Thumb, 2 bytes, Stack size 0 bytes, mbed/TARGET_NUCLEO_F103RB/TOOLCHAIN_ARM_STD/startup_stm32f103xb.o(.text))
<BR><BR>[Calls]<UL><LI><a href="#[15]">&gt;&gt;</a>&nbsp;&nbsp;&nbsp;MemManage_Handler
</UL>
<BR>[Called By]<UL><LI><a href="#[15]">&gt;&gt;</a>&nbsp;&nbsp;&nbsp;MemManage_Handler
</UL>
<BR>[Address Reference Count : 1]<UL><LI> startup_stm32f103xb.o(RESET)
</UL>
<P><STRONG><a name="[16]"></a>BusFault_Handler</STRONG> (Thumb, 2 bytes, Stack size 0 bytes, mbed/TARGET_NUCLEO_F103RB/TOOLCHAIN_ARM_STD/startup_stm32f103xb.o(.text))
<BR><BR>[Calls]<UL><LI><a href="#[16]">&gt;&gt;</a>&nbsp;&nbsp;&nbsp;BusFault_Handler
</UL>
<BR>[Called By]<UL><LI><a href="#[16]">&gt;&gt;</a>&nbsp;&nbsp;&nbsp;BusFault_Handler
</UL>
<BR>[Address Reference Count : 1]<UL><LI> startup_stm32f103xb.o(RESET)
</UL>
<P><STRONG><a name="[17]"></a>UsageFault_Handler</STRONG> (Thumb, 2 bytes, Stack size 0 bytes, mbed/TARGET_NUCLEO_F103RB/TOOLCHAIN_ARM_STD/startup_stm32f103xb.o(.text))
<BR><BR>[Calls]<UL><LI><a href="#[17]">&gt;&gt;</a>&nbsp;&nbsp;&nbsp;UsageFault_Handler
</UL>
<BR>[Called By]<UL><LI><a href="#[17]">&gt;&gt;</a>&nbsp;&nbsp;&nbsp;UsageFault_Handler
</UL>
<BR>[Address Reference Count : 1]<UL><LI> startup_stm32f103xb.o(RESET)
</UL>
<P><STRONG><a name="[18]"></a>SVC_Handler</STRONG> (Thumb, 2 bytes, Stack size 0 bytes, mbed/TARGET_NUCLEO_F103RB/TOOLCHAIN_ARM_STD/startup_stm32f103xb.o(.text))
<BR><BR>[Calls]<UL><LI><a href="#[18]">&gt;&gt;</a>&nbsp;&nbsp;&nbsp;SVC_Handler
</UL>
<BR>[Called By]<UL><LI><a href="#[18]">&gt;&gt;</a>&nbsp;&nbsp;&nbsp;SVC_Handler
</UL>
<BR>[Address Reference Count : 1]<UL><LI> startup_stm32f103xb.o(RESET)
</UL>
<P><STRONG><a name="[19]"></a>DebugMon_Handler</STRONG> (Thumb, 2 bytes, Stack size 0 bytes, mbed/TARGET_NUCLEO_F103RB/TOOLCHAIN_ARM_STD/startup_stm32f103xb.o(.text))
<BR><BR>[Calls]<UL><LI><a href="#[19]">&gt;&gt;</a>&nbsp;&nbsp;&nbsp;DebugMon_Handler
</UL>
<BR>[Called By]<UL><LI><a href="#[19]">&gt;&gt;</a>&nbsp;&nbsp;&nbsp;DebugMon_Handler
</UL>
<BR>[Address Reference Count : 1]<UL><LI> startup_stm32f103xb.o(RESET)
</UL>
<P><STRONG><a name="[1a]"></a>PendSV_Handler</STRONG> (Thumb, 2 bytes, Stack size 0 bytes, mbed/TARGET_NUCLEO_F103RB/TOOLCHAIN_ARM_STD/startup_stm32f103xb.o(.text))
<BR><BR>[Calls]<UL><LI><a href="#[1a]">&gt;&gt;</a>&nbsp;&nbsp;&nbsp;PendSV_Handler
</UL>
<BR>[Called By]<UL><LI><a href="#[1a]">&gt;&gt;</a>&nbsp;&nbsp;&nbsp;PendSV_Handler
</UL>
<BR>[Address Reference Count : 1]<UL><LI> startup_stm32f103xb.o(RESET)
</UL>
<P><STRONG><a name="[1b]"></a>SysTick_Handler</STRONG> (Thumb, 2 bytes, Stack size 0 bytes, mbed/TARGET_NUCLEO_F103RB/TOOLCHAIN_ARM_STD/startup_stm32f103xb.o(.text))
<BR><BR>[Calls]<UL><LI><a href="#[1b]">&gt;&gt;</a>&nbsp;&nbsp;&nbsp;SysTick_Handler
</UL>
<BR>[Called By]<UL><LI><a href="#[1b]">&gt;&gt;</a>&nbsp;&nbsp;&nbsp;SysTick_Handler
</UL>
<BR>[Address Reference Count : 1]<UL><LI> startup_stm32f103xb.o(RESET)
</UL>
<P><STRONG><a name="[2e]"></a>ADC1_2_IRQHandler</STRONG> (Thumb, 0 bytes, Stack size 0 bytes, mbed/TARGET_NUCLEO_F103RB/TOOLCHAIN_ARM_STD/startup_stm32f103xb.o(.text))
<BR><BR>[Calls]<UL><LI><a href="#[2e]">&gt;&gt;</a>&nbsp;&nbsp;&nbsp;ADC1_2_IRQHandler
</UL>
<BR>[Called By]<UL><LI><a href="#[2e]">&gt;&gt;</a>&nbsp;&nbsp;&nbsp;ADC1_2_IRQHandler
</UL>
<BR>[Address Reference Count : 1]<UL><LI> startup_stm32f103xb.o(RESET)
</UL>
<P><STRONG><a name="[31]"></a>CAN1_RX1_IRQHandler</STRONG> (Thumb, 0 bytes, Stack size 0 bytes, mbed/TARGET_NUCLEO_F103RB/TOOLCHAIN_ARM_STD/startup_stm32f103xb.o(.text))
<BR>[Address Reference Count : 1]<UL><LI> startup_stm32f103xb.o(RESET)
</UL>
<P><STRONG><a name="[27]"></a>DMA1_Channel1_IRQHandler</STRONG> (Thumb, 0 bytes, Stack size 0 bytes, mbed/TARGET_NUCLEO_F103RB/TOOLCHAIN_ARM_STD/startup_stm32f103xb.o(.text))
<BR>[Address Reference Count : 1]<UL><LI> startup_stm32f103xb.o(RESET)
</UL>
<P><STRONG><a name="[28]"></a>DMA1_Channel2_IRQHandler</STRONG> (Thumb, 0 bytes, Stack size 0 bytes, mbed/TARGET_NUCLEO_F103RB/TOOLCHAIN_ARM_STD/startup_stm32f103xb.o(.text))
<BR>[Address Reference Count : 1]<UL><LI> startup_stm32f103xb.o(RESET)
</UL>
<P><STRONG><a name="[29]"></a>DMA1_Channel3_IRQHandler</STRONG> (Thumb, 0 bytes, Stack size 0 bytes, mbed/TARGET_NUCLEO_F103RB/TOOLCHAIN_ARM_STD/startup_stm32f103xb.o(.text))
<BR>[Address Reference Count : 1]<UL><LI> startup_stm32f103xb.o(RESET)
</UL>
<P><STRONG><a name="[2a]"></a>DMA1_Channel4_IRQHandler</STRONG> (Thumb, 0 bytes, Stack size 0 bytes, mbed/TARGET_NUCLEO_F103RB/TOOLCHAIN_ARM_STD/startup_stm32f103xb.o(.text))
<BR>[Address Reference Count : 1]<UL><LI> startup_stm32f103xb.o(RESET)
</UL>
<P><STRONG><a name="[2b]"></a>DMA1_Channel5_IRQHandler</STRONG> (Thumb, 0 bytes, Stack size 0 bytes, mbed/TARGET_NUCLEO_F103RB/TOOLCHAIN_ARM_STD/startup_stm32f103xb.o(.text))
<BR>[Address Reference Count : 1]<UL><LI> startup_stm32f103xb.o(RESET)
</UL>
<P><STRONG><a name="[2c]"></a>DMA1_Channel6_IRQHandler</STRONG> (Thumb, 0 bytes, Stack size 0 bytes, mbed/TARGET_NUCLEO_F103RB/TOOLCHAIN_ARM_STD/startup_stm32f103xb.o(.text))
<BR>[Address Reference Count : 1]<UL><LI> startup_stm32f103xb.o(RESET)
</UL>
<P><STRONG><a name="[2d]"></a>DMA1_Channel7_IRQHandler</STRONG> (Thumb, 0 bytes, Stack size 0 bytes, mbed/TARGET_NUCLEO_F103RB/TOOLCHAIN_ARM_STD/startup_stm32f103xb.o(.text))
<BR>[Address Reference Count : 1]<UL><LI> startup_stm32f103xb.o(RESET)
</UL>
<P><STRONG><a name="[22]"></a>EXTI0_IRQHandler</STRONG> (Thumb, 0 bytes, Stack size 0 bytes, mbed/TARGET_NUCLEO_F103RB/TOOLCHAIN_ARM_STD/startup_stm32f103xb.o(.text))
<BR>[Address Reference Count : 1]<UL><LI> startup_stm32f103xb.o(RESET)
</UL>
<P><STRONG><a name="[44]"></a>EXTI15_10_IRQHandler</STRONG> (Thumb, 0 bytes, Stack size 0 bytes, mbed/TARGET_NUCLEO_F103RB/TOOLCHAIN_ARM_STD/startup_stm32f103xb.o(.text))
<BR>[Address Reference Count : 1]<UL><LI> startup_stm32f103xb.o(RESET)
</UL>
<P><STRONG><a name="[23]"></a>EXTI1_IRQHandler</STRONG> (Thumb, 0 bytes, Stack size 0 bytes, mbed/TARGET_NUCLEO_F103RB/TOOLCHAIN_ARM_STD/startup_stm32f103xb.o(.text))
<BR>[Address Reference Count : 1]<UL><LI> startup_stm32f103xb.o(RESET)
</UL>
<P><STRONG><a name="[24]"></a>EXTI2_IRQHandler</STRONG> (Thumb, 0 bytes, Stack size 0 bytes, mbed/TARGET_NUCLEO_F103RB/TOOLCHAIN_ARM_STD/startup_stm32f103xb.o(.text))
<BR>[Address Reference Count : 1]<UL><LI> startup_stm32f103xb.o(RESET)
</UL>
<P><STRONG><a name="[25]"></a>EXTI3_IRQHandler</STRONG> (Thumb, 0 bytes, Stack size 0 bytes, mbed/TARGET_NUCLEO_F103RB/TOOLCHAIN_ARM_STD/startup_stm32f103xb.o(.text))
<BR>[Address Reference Count : 1]<UL><LI> startup_stm32f103xb.o(RESET)
</UL>
<P><STRONG><a name="[26]"></a>EXTI4_IRQHandler</STRONG> (Thumb, 0 bytes, Stack size 0 bytes, mbed/TARGET_NUCLEO_F103RB/TOOLCHAIN_ARM_STD/startup_stm32f103xb.o(.text))
<BR>[Address Reference Count : 1]<UL><LI> startup_stm32f103xb.o(RESET)
</UL>
<P><STRONG><a name="[33]"></a>EXTI9_5_IRQHandler</STRONG> (Thumb, 0 bytes, Stack size 0 bytes, mbed/TARGET_NUCLEO_F103RB/TOOLCHAIN_ARM_STD/startup_stm32f103xb.o(.text))
<BR>[Address Reference Count : 1]<UL><LI> startup_stm32f103xb.o(RESET)
</UL>
<P><STRONG><a name="[20]"></a>FLASH_IRQHandler</STRONG> (Thumb, 0 bytes, Stack size 0 bytes, mbed/TARGET_NUCLEO_F103RB/TOOLCHAIN_ARM_STD/startup_stm32f103xb.o(.text))
<BR>[Address Reference Count : 1]<UL><LI> startup_stm32f103xb.o(RESET)
</UL>
<P><STRONG><a name="[3c]"></a>I2C1_ER_IRQHandler</STRONG> (Thumb, 0 bytes, Stack size 0 bytes, mbed/TARGET_NUCLEO_F103RB/TOOLCHAIN_ARM_STD/startup_stm32f103xb.o(.text))
<BR>[Address Reference Count : 1]<UL><LI> startup_stm32f103xb.o(RESET)
</UL>
<P><STRONG><a name="[3b]"></a>I2C1_EV_IRQHandler</STRONG> (Thumb, 0 bytes, Stack size 0 bytes, mbed/TARGET_NUCLEO_F103RB/TOOLCHAIN_ARM_STD/startup_stm32f103xb.o(.text))
<BR>[Address Reference Count : 1]<UL><LI> startup_stm32f103xb.o(RESET)
</UL>
<P><STRONG><a name="[3e]"></a>I2C2_ER_IRQHandler</STRONG> (Thumb, 0 bytes, Stack size 0 bytes, mbed/TARGET_NUCLEO_F103RB/TOOLCHAIN_ARM_STD/startup_stm32f103xb.o(.text))
<BR>[Address Reference Count : 1]<UL><LI> startup_stm32f103xb.o(RESET)
</UL>
<P><STRONG><a name="[3d]"></a>I2C2_EV_IRQHandler</STRONG> (Thumb, 0 bytes, Stack size 0 bytes, mbed/TARGET_NUCLEO_F103RB/TOOLCHAIN_ARM_STD/startup_stm32f103xb.o(.text))
<BR>[Address Reference Count : 1]<UL><LI> startup_stm32f103xb.o(RESET)
</UL>
<P><STRONG><a name="[1d]"></a>PVD_IRQHandler</STRONG> (Thumb, 0 bytes, Stack size 0 bytes, mbed/TARGET_NUCLEO_F103RB/TOOLCHAIN_ARM_STD/startup_stm32f103xb.o(.text))
<BR>[Address Reference Count : 1]<UL><LI> startup_stm32f103xb.o(RESET)
</UL>
<P><STRONG><a name="[21]"></a>RCC_IRQHandler</STRONG> (Thumb, 0 bytes, Stack size 0 bytes, mbed/TARGET_NUCLEO_F103RB/TOOLCHAIN_ARM_STD/startup_stm32f103xb.o(.text))
<BR>[Address Reference Count : 1]<UL><LI> startup_stm32f103xb.o(RESET)
</UL>
<P><STRONG><a name="[45]"></a>RTC_Alarm_IRQHandler</STRONG> (Thumb, 0 bytes, Stack size 0 bytes, mbed/TARGET_NUCLEO_F103RB/TOOLCHAIN_ARM_STD/startup_stm32f103xb.o(.text))
<BR>[Address Reference Count : 1]<UL><LI> startup_stm32f103xb.o(RESET)
</UL>
<P><STRONG><a name="[1f]"></a>RTC_IRQHandler</STRONG> (Thumb, 0 bytes, Stack size 0 bytes, mbed/TARGET_NUCLEO_F103RB/TOOLCHAIN_ARM_STD/startup_stm32f103xb.o(.text))
<BR>[Address Reference Count : 1]<UL><LI> startup_stm32f103xb.o(RESET)
</UL>
<P><STRONG><a name="[3f]"></a>SPI1_IRQHandler</STRONG> (Thumb, 0 bytes, Stack size 0 bytes, mbed/TARGET_NUCLEO_F103RB/TOOLCHAIN_ARM_STD/startup_stm32f103xb.o(.text))
<BR>[Address Reference Count : 1]<UL><LI> startup_stm32f103xb.o(RESET)
</UL>
<P><STRONG><a name="[40]"></a>SPI2_IRQHandler</STRONG> (Thumb, 0 bytes, Stack size 0 bytes, mbed/TARGET_NUCLEO_F103RB/TOOLCHAIN_ARM_STD/startup_stm32f103xb.o(.text))
<BR>[Address Reference Count : 1]<UL><LI> startup_stm32f103xb.o(RESET)
</UL>
<P><STRONG><a name="[1e]"></a>TAMPER_IRQHandler</STRONG> (Thumb, 0 bytes, Stack size 0 bytes, mbed/TARGET_NUCLEO_F103RB/TOOLCHAIN_ARM_STD/startup_stm32f103xb.o(.text))
<BR>[Address Reference Count : 1]<UL><LI> startup_stm32f103xb.o(RESET)
</UL>
<P><STRONG><a name="[34]"></a>TIM1_BRK_IRQHandler</STRONG> (Thumb, 0 bytes, Stack size 0 bytes, mbed/TARGET_NUCLEO_F103RB/TOOLCHAIN_ARM_STD/startup_stm32f103xb.o(.text))
<BR>[Address Reference Count : 1]<UL><LI> startup_stm32f103xb.o(RESET)
</UL>
<P><STRONG><a name="[37]"></a>TIM1_CC_IRQHandler</STRONG> (Thumb, 0 bytes, Stack size 0 bytes, mbed/TARGET_NUCLEO_F103RB/TOOLCHAIN_ARM_STD/startup_stm32f103xb.o(.text))
<BR>[Address Reference Count : 1]<UL><LI> startup_stm32f103xb.o(RESET)
</UL>
<P><STRONG><a name="[36]"></a>TIM1_TRG_COM_IRQHandler</STRONG> (Thumb, 0 bytes, Stack size 0 bytes, mbed/TARGET_NUCLEO_F103RB/TOOLCHAIN_ARM_STD/startup_stm32f103xb.o(.text))
<BR>[Address Reference Count : 1]<UL><LI> startup_stm32f103xb.o(RESET)
</UL>
<P><STRONG><a name="[35]"></a>TIM1_UP_IRQHandler</STRONG> (Thumb, 0 bytes, Stack size 0 bytes, mbed/TARGET_NUCLEO_F103RB/TOOLCHAIN_ARM_STD/startup_stm32f103xb.o(.text))
<BR>[Address Reference Count : 1]<UL><LI> startup_stm32f103xb.o(RESET)
</UL>
<P><STRONG><a name="[38]"></a>TIM2_IRQHandler</STRONG> (Thumb, 0 bytes, Stack size 0 bytes, mbed/TARGET_NUCLEO_F103RB/TOOLCHAIN_ARM_STD/startup_stm32f103xb.o(.text))
<BR>[Address Reference Count : 1]<UL><LI> startup_stm32f103xb.o(RESET)
</UL>
<P><STRONG><a name="[39]"></a>TIM3_IRQHandler</STRONG> (Thumb, 0 bytes, Stack size 0 bytes, mbed/TARGET_NUCLEO_F103RB/TOOLCHAIN_ARM_STD/startup_stm32f103xb.o(.text))
<BR>[Address Reference Count : 1]<UL><LI> startup_stm32f103xb.o(RESET)
</UL>
<P><STRONG><a name="[3a]"></a>TIM4_IRQHandler</STRONG> (Thumb, 0 bytes, Stack size 0 bytes, mbed/TARGET_NUCLEO_F103RB/TOOLCHAIN_ARM_STD/startup_stm32f103xb.o(.text))
<BR>[Address Reference Count : 1]<UL><LI> startup_stm32f103xb.o(RESET)
</UL>
<P><STRONG><a name="[41]"></a>USART1_IRQHandler</STRONG> (Thumb, 0 bytes, Stack size 0 bytes, mbed/TARGET_NUCLEO_F103RB/TOOLCHAIN_ARM_STD/startup_stm32f103xb.o(.text))
<BR>[Address Reference Count : 1]<UL><LI> startup_stm32f103xb.o(RESET)
</UL>
<P><STRONG><a name="[42]"></a>USART2_IRQHandler</STRONG> (Thumb, 0 bytes, Stack size 0 bytes, mbed/TARGET_NUCLEO_F103RB/TOOLCHAIN_ARM_STD/startup_stm32f103xb.o(.text))
<BR>[Address Reference Count : 1]<UL><LI> startup_stm32f103xb.o(RESET)
</UL>
<P><STRONG><a name="[43]"></a>USART3_IRQHandler</STRONG> (Thumb, 0 bytes, Stack size 0 bytes, mbed/TARGET_NUCLEO_F103RB/TOOLCHAIN_ARM_STD/startup_stm32f103xb.o(.text))
<BR>[Address Reference Count : 1]<UL><LI> startup_stm32f103xb.o(RESET)
</UL>
<P><STRONG><a name="[46]"></a>USBWakeUp_IRQHandler</STRONG> (Thumb, 0 bytes, Stack size 0 bytes, mbed/TARGET_NUCLEO_F103RB/TOOLCHAIN_ARM_STD/startup_stm32f103xb.o(.text))
<BR>[Address Reference Count : 1]<UL><LI> startup_stm32f103xb.o(RESET)
</UL>
<P><STRONG><a name="[1c]"></a>WWDG_IRQHandler</STRONG> (Thumb, 0 bytes, Stack size 0 bytes, mbed/TARGET_NUCLEO_F103RB/TOOLCHAIN_ARM_STD/startup_stm32f103xb.o(.text))
<BR>[Address Reference Count : 1]<UL><LI> startup_stm32f103xb.o(RESET)
</UL>
<P><STRONG><a name="[f9]"></a>__aeabi_errno_addr</STRONG> (Thumb, 8 bytes, Stack size 0 bytes, C:\Keil_v5\ARM\ARMCC\Bin\..\lib\armlib\c_w.l(rt_errno_addr.o)(.text))
<BR><BR>[Called By]<UL><LI><a href="#[128]">&gt;&gt;</a>&nbsp;&nbsp;&nbsp;_sys_write
<LI><a href="#[120]">&gt;&gt;</a>&nbsp;&nbsp;&nbsp;_sys_seek
<LI><a href="#[11c]">&gt;&gt;</a>&nbsp;&nbsp;&nbsp;_sys_read
<LI><a href="#[101]">&gt;&gt;</a>&nbsp;&nbsp;&nbsp;_sys_open
<LI><a href="#[125]">&gt;&gt;</a>&nbsp;&nbsp;&nbsp;_sys_istty
<LI><a href="#[124]">&gt;&gt;</a>&nbsp;&nbsp;&nbsp;_sys_flen
<LI><a href="#[106]">&gt;&gt;</a>&nbsp;&nbsp;&nbsp;_sys_close
<LI><a href="#[204]">&gt;&gt;</a>&nbsp;&nbsp;&nbsp;mbed::Stream::Stream__sub_object(const char*)
<LI><a href="#[f8]">&gt;&gt;</a>&nbsp;&nbsp;&nbsp;atoi
<LI><a href="#[127]">&gt;&gt;</a>&nbsp;&nbsp;&nbsp;_ftell_internal
<LI><a href="#[11a]">&gt;&gt;</a>&nbsp;&nbsp;&nbsp;_strtoul
<LI><a href="#[fa]">&gt;&gt;</a>&nbsp;&nbsp;&nbsp;strtol
</UL>

<P><STRONG><a name="[265]"></a>__errno</STRONG> (Thumb, 0 bytes, Stack size 0 bytes, C:\Keil_v5\ARM\ARMCC\Bin\..\lib\armlib\c_w.l(rt_errno_addr.o)(.text), UNUSED)

<P><STRONG><a name="[266]"></a>__rt_errno_addr</STRONG> (Thumb, 0 bytes, Stack size 0 bytes, C:\Keil_v5\ARM\ARMCC\Bin\..\lib\armlib\c_w.l(rt_errno_addr.o)(.text), UNUSED)

<P><STRONG><a name="[e0]"></a>malloc</STRONG> (Thumb, 94 bytes, Stack size 16 bytes, C:\Keil_v5\ARM\ARMCC\Bin\..\lib\armlib\c_w.l(h1_alloc.o)(.text))
<BR><BR>[Stack]<UL><LI>Max Depth = 48<LI>Call Chain = malloc &rArr; __Heap_Full &rArr; __Heap_ProvideMemory &rArr; free
</UL>
<BR>[Calls]<UL><LI><a href="#[e2]">&gt;&gt;</a>&nbsp;&nbsp;&nbsp;__Heap_Full
<LI><a href="#[e1]">&gt;&gt;</a>&nbsp;&nbsp;&nbsp;__rt_heap_descriptor
</UL>
<BR>[Called By]<UL><LI><a href="#[185]">&gt;&gt;</a>&nbsp;&nbsp;&nbsp;operator new(unsigned)
<LI><a href="#[217]">&gt;&gt;</a>&nbsp;&nbsp;&nbsp;dnsname::dnsname(unsigned char*)
<LI><a href="#[1be]">&gt;&gt;</a>&nbsp;&nbsp;&nbsp;pico_string::append(const char*, int)
[...]
</UL>
<BR>[Calls]<UL><LI><a href="#[22f]">&gt;&gt;</a>&nbsp;&nbsp;&nbsp;handle_interrupt_in
</UL>
<BR>[Address Reference Count : 1]<UL><LI> gpio_irq_api.o(i.gpio_irq_init)
</UL>
<P><STRONG><a name="[73]"></a>gpio_irq4</STRONG> (Thumb, 8 bytes, Stack size 0 bytes, mbed/TARGET_NUCLEO_F103RB/TOOLCHAIN_ARM_STD/gpio_irq_api.o(i.gpio_irq4))
<BR><BR>[Stack]<UL><LI>Max Depth = 32<LI>Call Chain = gpio_irq4 &rArr; handle_interrupt_in
</UL>
<BR>[Calls]<UL><LI><a href="#[22f]">&gt;&gt;</a>&nbsp;&nbsp;&nbsp;handle_interrupt_in
</UL>
<BR>[Address Reference Count : 1]<UL><LI> gpio_irq_api.o(i.gpio_irq_init)
</UL>
<P><STRONG><a name="[74]"></a>gpio_irq5</STRONG> (Thumb, 8 bytes, Stack size 0 bytes, mbed/TARGET_NUCLEO_F103RB/TOOLCHAIN_ARM_STD/gpio_irq_api.o(i.gpio_irq5))
<BR><BR>[Stack]<UL><LI>Max Depth = 32<LI>Call Chain = gpio_irq5 &rArr; handle_interrupt_in
</UL>
<BR>[Calls]<UL><LI><a href="#[22f]">&gt;&gt;</a>&nbsp;&nbsp;&nbsp;handle_interrupt_in
</UL>
<BR>[Address Reference Count : 1]<UL><LI> gpio_irq_api.o(i.gpio_irq_init)
</UL>
<P><STRONG><a name="[75]"></a>gpio_irq6</STRONG> (Thumb, 8 bytes, Stack size 0 bytes, mbed/TARGET_NUCLEO_F103RB/TOOLCHAIN_ARM_STD/gpio_irq_api.o(i.gpio_irq6))
<BR><BR>[Stack]<UL><LI>Max Depth = 32<LI>Call Chain = gpio_irq6 &rArr; handle_interrupt_in
</UL>
<BR>[Calls]<UL><LI><a href="#[22f]">&gt;&gt;</a>&nbsp;&nbsp;&nbsp;handle_interrupt_in
</UL>
<BR>[Address Reference Count : 1]<UL><LI> gpio_irq_api.o(i.gpio_irq_init)
</UL>
<P><STRONG><a name="[22f]"></a>handle_interrupt_in</STRONG> (Thumb, 114 bytes, Stack size 32 bytes, mbed/TARGET_NUCLEO_F103RB/TOOLCHAIN_ARM_STD/gpio_irq_api.o(i.handle_interrupt_in))
<BR><BR>[Stack]<UL><LI>Max Depth = 32<LI>Call Chain = handle_interrupt_in
</UL>
<BR>[Called By]<UL><LI><a href="#[75]">&gt;&gt;</a>&nbsp;&nbsp;&nbsp;gpio_irq6
<LI><a href="#[74]">&gt;&gt;</a>&nbsp;&nbsp;&nbsp;gpio_irq5
<LI><a href="#[73]">&gt;&gt;</a>&nbsp;&nbsp;&nbsp;gpio_irq4
<LI><a href="#[72]">&gt;&gt;</a>&nbsp;&nbsp;&nbsp;gpio_irq3
<LI><a href="#[71]">&gt;&gt;</a>&nbsp;&nbsp;&nbsp;gpio_irq2
<LI><a href="#[70]">&gt;&gt;</a>&nbsp;&nbsp;&nbsp;gpio_irq1
<LI><a href="#[6f]">&gt;&gt;</a>&nbsp;&nbsp;&nbsp;gpio_irq0
</UL>

<P><STRONG><a name="[234]"></a>stm_pin_PullConfig</STRONG> (Thumb, 248 bytes, Stack size 12 bytes, mbed/TARGET_NUCLEO_F103RB/TOOLCHAIN_ARM_STD/pinmap.o(i.stm_pin_PullConfig))
<BR><BR>[Stack]<UL><LI>Max Depth = 12<LI>Call Chain = stm_pin_PullConfig
</UL>
<BR>[Called By]<UL><LI><a href="#[22c]">&gt;&gt;</a>&nbsp;&nbsp;&nbsp;pin_function
<LI><a href="#[230]">&gt;&gt;</a>&nbsp;&nbsp;&nbsp;pin_mode
</UL>

<P><STRONG><a name="[157]"></a>RTC_ByteToBcd2</STRONG> (Thumb, 46 bytes, Stack size 0 bytes, mbed/TARGET_NUCLEO_F103RB/TOOLCHAIN_ARM_STD/stm32f1xx_hal_rtc.o(i.RTC_ByteToBcd2))
<BR><BR>[Called By]<UL><LI><a href="#[156]">&gt;&gt;</a>&nbsp;&nbsp;&nbsp;HAL_RTC_GetTime
<LI><a href="#[155]">&gt;&gt;</a>&nbsp;&nbsp;&nbsp;HAL_RTC_GetDate
</UL>

<P><STRONG><a name="[159]"></a>RTC_WriteAlarmCounter</STRONG> (Thumb, 132 bytes, Stack size 24 bytes, mbed/TARGET_NUCLEO_F103RB/TOOLCHAIN_ARM_STD/stm32f1xx_hal_rtc.o(i.RTC_WriteAlarmCounter))
<BR><BR>[Stack]<UL><LI>Max Depth = 24<LI>Call Chain = RTC_WriteAlarmCounter
</UL>
<BR>[Calls]<UL><LI><a href="#[152]">&gt;&gt;</a>&nbsp;&nbsp;&nbsp;HAL_GetTick
</UL>
<BR>[Called By]<UL><LI><a href="#[15d]">&gt;&gt;</a>&nbsp;&nbsp;&nbsp;HAL_RTC_SetTime
<LI><a href="#[15c]">&gt;&gt;</a>&nbsp;&nbsp;&nbsp;HAL_RTC_SetDate
<LI><a href="#[156]">&gt;&gt;</a>&nbsp;&nbsp;&nbsp;HAL_RTC_GetTime
</UL>

<P><STRONG><a name="[158]"></a>RTC_WriteTimeCounter</STRONG> (Thumb, 132 bytes, Stack size 24 bytes, mbed/TARGET_NUCLEO_F103RB/TOOLCHAIN_ARM_STD/stm32f1xx_hal_rtc.o(i.RTC_WriteTimeCounter))
<BR><BR>[Stack]<UL><LI>Max Depth = 24<LI>Call Chain = RTC_WriteTimeCounter
</UL>
<BR>[Calls]<UL><LI><a href="#[152]">&gt;&gt;</a>&nbsp;&nbsp;&nbsp;HAL_GetTick
</UL>
<BR>[Called By]<UL><LI><a href="#[15d]">&gt;&gt;</a>&nbsp;&nbsp;&nbsp;HAL_RTC_SetTime
<LI><a href="#[15c]">&gt;&gt;</a>&nbsp;&nbsp;&nbsp;HAL_RTC_SetDate
<LI><a href="#[156]">&gt;&gt;</a>&nbsp;&nbsp;&nbsp;HAL_RTC_GetTime
</UL>

<P><STRONG><a name="[56]"></a>SPI_2linesRxISR_16BIT</STRONG> (Thumb, 64 bytes, Stack size 0 bytes, mbed/TARGET_NUCLEO_F103RB/TOOLCHAIN_ARM_STD/stm32f1xx_hal_spi.o(i.SPI_2linesRxISR_16BIT))
<BR><BR>[Stack]<UL><LI>Max Depth = 40<LI>Call Chain = SPI_2linesRxISR_16BIT &rArr; SPI_CloseRxTx_ISR &rArr; SPI_WaitFlagStateUntilTimeout
</UL>
<BR>[Calls]<UL><LI><a href="#[16e]">&gt;&gt;</a>&nbsp;&nbsp;&nbsp;SPI_CloseRxTx_ISR
</UL>
<BR>[Address Reference Count : 1]<UL><LI> stm32f1xx_hal_spi.o(i.HAL_SPI_TransmitReceive_IT)
</UL>
<P><STRONG><a name="[5d]"></a>SPI_2linesRxISR_16BITCRC</STRONG> (Thumb, 34 bytes, Stack size 8 bytes, mbed/TARGET_NUCLEO_F103RB/TOOLCHAIN_ARM_STD/stm32f1xx_hal_spi.o(i.SPI_2linesRxISR_16BITCRC))
<BR><BR>[Stack]<UL><LI>Max Depth = 48<LI>Call Chain = SPI_2linesRxISR_16BITCRC &rArr; SPI_CloseRxTx_ISR &rArr; SPI_WaitFlagStateUntilTimeout
</UL>
<BR>[Calls]<UL><LI><a href="#[16e]">&gt;&gt;</a>&nbsp;&nbsp;&nbsp;SPI_CloseRxTx_ISR
</UL>
<BR>[Address Reference Count : 1]<UL><LI> stm32f1xx_hal_spi.o(i.SPI_2linesRxISR_16BIT)
</UL>
<P><STRONG><a name="[57]"></a>SPI_2linesRxISR_8BIT</STRONG> (Thumb, 62 bytes, Stack size 0 bytes, mbed/TARGET_NUCLEO_F103RB/TOOLCHAIN_ARM_STD/stm32f1xx_hal_spi.o(i.SPI_2linesRxISR_8BIT))
<BR><BR>[Stack]<UL><LI>Max Depth = 40<LI>Call Chain = SPI_2linesRxISR_8BIT &rArr; SPI_CloseRxTx_ISR &rArr; SPI_WaitFlagStateUntilTimeout
</UL>
<BR>[Calls]<UL><LI><a href="#[16e]">&gt;&gt;</a>&nbsp;&nbsp;&nbsp;SPI_CloseRxTx_ISR
</UL>
<BR>[Address Reference Count : 1]<UL><LI> stm32f1xx_hal_spi.o(i.HAL_SPI_TransmitReceive_IT)
</UL>
<P><STRONG><a name="[5e]"></a>SPI_2linesRxISR_8BITCRC</STRONG> (Thumb, 44 bytes, Stack size 8 bytes, mbed/TARGET_NUCLEO_F103RB/TOOLCHAIN_ARM_STD/stm32f1xx_hal_spi.o(i.SPI_2linesRxISR_8BITCRC))
<BR><BR>[Stack]<UL><LI>Max Depth = 48<LI>Call Chain = SPI_2linesRxISR_8BITCRC &rArr; SPI_CloseRxTx_ISR &rArr; SPI_WaitFlagStateUntilTimeout
</UL>
<BR>[Calls]<UL><LI><a href="#[16e]">&gt;&gt;</a>&nbsp;&nbsp;&nbsp;SPI_CloseRxTx_ISR
</UL>
<BR>[Address Reference Count : 1]<UL><LI> stm32f1xx_hal_spi.o(i.SPI_2linesRxISR_8BIT)
</UL>
<P><STRONG><a name="[58]"></a>SPI_2linesTxISR_16BIT</STRONG> (Thumb, 78 bytes, Stack size 0 bytes, mbed/TARGET_NUCLEO_F103RB/TOOLCHAIN_ARM_STD/stm32f1xx_hal_spi.o(i.SPI_2linesTxISR_16BIT))
<BR><BR>[Stack]<UL><LI>Max Depth = 40<LI>Call Chain = SPI_2linesTxISR_16BIT &rArr; SPI_CloseRxTx_ISR &rArr; SPI_WaitFlagStateUntilTimeout
</UL>
<BR>[Calls]<UL><LI><a href="#[16e]">&gt;&gt;</a>&nbsp;&nbsp;&nbsp;SPI_CloseRxTx_ISR
</UL>
<BR>[Address Reference Count : 1]<UL><LI> stm32f1xx_hal_spi.o(i.HAL_SPI_TransmitReceive_IT)
</UL>
<P><STRONG><a name="[59]"></a>SPI_2linesTxISR_8BIT</STRONG> (Thumb, 76 bytes, Stack size 0 bytes, mbed/TARGET_NUCLEO_F103RB/TOOLCHAIN_ARM_STD/stm32f1xx_hal_spi.o(i.SPI_2linesTxISR_8BIT))
<BR><BR>[Stack]<UL><LI>Max Depth = 40<LI>Call Chain = SPI_2linesTxISR_8BIT &rArr; SPI_CloseRxTx_ISR &rArr; SPI_WaitFlagStateUntilTimeout
</UL>
<BR>[Calls]<UL><LI><a href="#[16e]">&gt;&gt;</a>&nbsp;&nbsp;&nbsp;SPI_CloseRxTx_ISR
</UL>
<BR>[Address Reference Count : 1]<UL><LI> stm32f1xx_hal_spi.o(i.HAL_SPI_TransmitReceive_IT)
</UL>
<P><STRONG><a name="[16e]"></a>SPI_CloseRxTx_ISR</STRONG> (Thumb, 228 bytes, Stack size 16 bytes, mbed/TARGET_NUCLEO_F103RB/TOOLCHAIN_ARM_STD/stm32f1xx_hal_spi.o(i.SPI_CloseRxTx_ISR))
<BR><BR>[Stack]<UL><LI>Max Depth = 40<LI>Call Chain = SPI_CloseRxTx_ISR &rArr; SPI_WaitFlagStateUntilTimeout
</UL>
<BR>[Calls]<UL><LI><a href="#[152]">&gt;&gt;</a>&nbsp;&nbsp;&nbsp;HAL_GetTick
<LI><a href="#[170]">&gt;&gt;</a>&nbsp;&nbsp;&nbsp;SPI_ISCRCErrorValid
<LI><a href="#[171]">&gt;&gt;</a>&nbsp;&nbsp;&nbsp;HAL_SPI_TxRxCpltCallback
<LI><a href="#[172]">&gt;&gt;</a>&nbsp;&nbsp;&nbsp;HAL_SPI_RxCpltCallback
<LI><a href="#[160]">&gt;&gt;</a>&nbsp;&nbsp;&nbsp;HAL_SPI_ErrorCallback
<LI><a href="#[16f]">&gt;&gt;</a>&nbsp;&nbsp;&nbsp;SPI_WaitFlagStateUntilTimeout
</UL>
<BR>[Called By]<UL><LI><a href="#[59]">&gt;&gt;</a>&nbsp;&nbsp;&nbsp;SPI_2linesTxISR_8BIT
<LI><a href="#[58]">&gt;&gt;</a>&nbsp;&nbsp;&nbsp;SPI_2linesTxISR_16BIT
<LI><a href="#[5e]">&gt;&gt;</a>&nbsp;&nbsp;&nbsp;SPI_2linesRxISR_8BITCRC
<LI><a href="#[57]">&gt;&gt;</a>&nbsp;&nbsp;&nbsp;SPI_2linesRxISR_8BIT
<LI><a href="#[5d]">&gt;&gt;</a>&nbsp;&nbsp;&nbsp;SPI_2linesRxISR_16BITCRC
<LI><a href="#[56]">&gt;&gt;</a>&nbsp;&nbsp;&nbsp;SPI_2linesRxISR_16BIT
</UL>

<P><STRONG><a name="[173]"></a>SPI_CloseRx_ISR</STRONG> (Thumb, 152 bytes, Stack size 16 bytes, mbed/TARGET_NUCLEO_F103RB/TOOLCHAIN_ARM_STD/stm32f1xx_hal_spi.o(i.SPI_CloseRx_ISR))
<BR><BR>[Stack]<UL><LI>Max Depth = 16<LI>Call Chain = SPI_CloseRx_ISR
</UL>
<BR>[Calls]<UL><LI><a href="#[170]">&gt;&gt;</a>&nbsp;&nbsp;&nbsp;SPI_ISCRCErrorValid
<LI><a href="#[172]">&gt;&gt;</a>&nbsp;&nbsp;&nbsp;HAL_SPI_RxCpltCallback
<LI><a href="#[160]">&gt;&gt;</a>&nbsp;&nbsp;&nbsp;HAL_SPI_ErrorCallback
</UL>
<BR>[Called By]<UL><LI><a href="#[60]">&gt;&gt;</a>&nbsp;&nbsp;&nbsp;SPI_RxISR_8BITCRC
<LI><a href="#[55]">&gt;&gt;</a>&nbsp;&nbsp;&nbsp;SPI_RxISR_8BIT
<LI><a href="#[5f]">&gt;&gt;</a>&nbsp;&nbsp;&nbsp;SPI_RxISR_16BITCRC
<LI><a href="#[54]">&gt;&gt;</a>&nbsp;&nbsp;&nbsp;SPI_RxISR_16BIT
</UL>

<P><STRONG><a name="[53]"></a>SPI_DMAAbortOnError</STRONG> (Thumb, 16 bytes, Stack size 8 bytes, mbed/TARGET_NUCLEO_F103RB/TOOLCHAIN_ARM_STD/stm32f1xx_hal_spi.o(i.SPI_DMAAbortOnError))
<BR><BR>[Stack]<UL><LI>Max Depth = 8<LI>Call Chain = SPI_DMAAbortOnError
</UL>
<BR>[Calls]<UL><LI><a href="#[160]">&gt;&gt;</a>&nbsp;&nbsp;&nbsp;HAL_SPI_ErrorCallback
</UL>
<BR>[Address Reference Count : 1]<UL><LI> stm32f1xx_hal_spi.o(i.HAL_SPI_IRQHandler)
</UL>
<P><STRONG><a name="[54]"></a>SPI_RxISR_16BIT</STRONG> (Thumb, 70 bytes, Stack size 0 bytes, mbed/TARGET_NUCLEO_F103RB/TOOLCHAIN_ARM_STD/stm32f1xx_hal_spi.o(i.SPI_RxISR_16BIT))
<BR><BR>[Stack]<UL><LI>Max Depth = 16<LI>Call Chain = SPI_RxISR_16BIT &rArr; SPI_CloseRx_ISR
</UL>
<BR>[Calls]<UL><LI><a href="#[173]">&gt;&gt;</a>&nbsp;&nbsp;&nbsp;SPI_CloseRx_ISR
</UL>
<BR>[Address Reference Count : 1]<UL><LI> stm32f1xx_hal_spi.o(i.HAL_SPI_Receive_IT)
</UL>
<P><STRONG><a name="[5f]"></a>SPI_RxISR_16BITCRC</STRONG> (Thumb, 34 bytes, Stack size 8 bytes, mbed/TARGET_NUCLEO_F103RB/TOOLCHAIN_ARM_STD/stm32f1xx_hal_spi.o(i.SPI_RxISR_16BITCRC))
<BR><BR>[Stack]<UL><LI>Max Depth = 24<LI>Call Chain = SPI_RxISR_16BITCRC &rArr; SPI_CloseRx_ISR
</UL>
<BR>[Calls]<UL><LI><a href="#[173]">&gt;&gt;</a>&nbsp;&nbsp;&nbsp;SPI_CloseRx_ISR
</UL>
<BR>[Address Reference Count : 1]<UL><LI> stm32f1xx_hal_spi.o(i.SPI_RxISR_16BIT)
</UL>
<P><STRONG><a name="[55]"></a>SPI_RxISR_8BIT</STRONG> (Thumb, 68 bytes, Stack size 0 bytes, mbed/TARGET_NUCLEO_F103RB/TOOLCHAIN_ARM_STD/stm32f1xx_hal_spi.o(i.SPI_RxISR_8BIT))
<BR><BR>[Stack]<UL><LI>Max Depth = 16<LI>Call Chain = SPI_RxISR_8BIT &rArr; SPI_CloseRx_ISR
</UL>
<BR>[Calls]<UL><LI><a href="#[173]">&gt;&gt;</a>&nbsp;&nbsp;&nbsp;SPI_CloseRx_ISR
</UL>
<BR>[Address Reference Count : 1]<UL><LI> stm32f1xx_hal_spi.o(i.HAL_SPI_Receive_IT)
</UL>
<P><STRONG><a name="[60]"></a>SPI_RxISR_8BITCRC</STRONG> (Thumb, 26 bytes, Stack size 8 bytes, mbed/TARGET_NUCLEO_F103RB/TOOLCHAIN_ARM_STD/stm32f1xx_hal_spi.o(i.SPI_RxISR_8BITCRC))
<BR><BR>[Stack]<UL><LI>Max Depth = 24<LI>Call Chain = SPI_RxISR_8BITCRC &rArr; SPI_CloseRx_ISR
</UL>
<BR>[Calls]<UL><LI><a href="#[173]">&gt;&gt;</a>&nbsp;&nbsp;&nbsp;SPI_CloseRx_ISR
</UL>
<BR>[Address Reference Count : 1]<UL><LI> stm32f1xx_hal_spi.o(i.SPI_RxISR_8BIT)
</UL>
<P><STRONG><a name="[5a]"></a>SPI_TxISR_16BIT</STRONG> (Thumb, 182 bytes, Stack size 16 bytes, mbed/TARGET_NUCLEO_F103RB/TOOLCHAIN_ARM_STD/stm32f1xx_hal_spi.o(i.SPI_TxISR_16BIT))
<BR><BR>[Stack]<UL><LI>Max Depth = 40<LI>Call Chain = SPI_TxISR_16BIT &rArr; SPI_WaitFlagStateUntilTimeout
</UL>
<BR>[Calls]<UL><LI><a href="#[152]">&gt;&gt;</a>&nbsp;&nbsp;&nbsp;HAL_GetTick
<LI><a href="#[174]">&gt;&gt;</a>&nbsp;&nbsp;&nbsp;HAL_SPI_TxCpltCallback
<LI><a href="#[160]">&gt;&gt;</a>&nbsp;&nbsp;&nbsp;HAL_SPI_ErrorCallback
<LI><a href="#[16f]">&gt;&gt;</a>&nbsp;&nbsp;&nbsp;SPI_WaitFlagStateUntilTimeout
</UL>
<BR>[Address Reference Count : 1]<UL><LI> stm32f1xx_hal_spi.o(i.HAL_SPI_Transmit_IT)
</UL>
<P><STRONG><a name="[5b]"></a>SPI_TxISR_8BIT</STRONG> (Thumb, 180 bytes, Stack size 16 bytes, mbed/TARGET_NUCLEO_F103RB/TOOLCHAIN_ARM_STD/stm32f1xx_hal_spi.o(i.SPI_TxISR_8BIT))
<BR><BR>[Stack]<UL><LI>Max Depth = 40<LI>Call Chain = SPI_TxISR_8BIT &rArr; SPI_WaitFlagStateUntilTimeout
</UL>
<BR>[Calls]<UL><LI><a href="#[152]">&gt;&gt;</a>&nbsp;&nbsp;&nbsp;HAL_GetTick
<LI><a href="#[174]">&gt;&gt;</a>&nbsp;&nbsp;&nbsp;HAL_SPI_TxCpltCallback
<LI><a href="#[160]">&gt;&gt;</a>&nbsp;&nbsp;&nbsp;HAL_SPI_ErrorCallback
<LI><a href="#[16f]">&gt;&gt;</a>&nbsp;&nbsp;&nbsp;SPI_WaitFlagStateUntilTimeout
</UL>
<BR>[Address Reference Count : 1]<UL><LI> stm32f1xx_hal_spi.o(i.HAL_SPI_Transmit_IT)
</UL>
<P><STRONG><a name="[16f]"></a>SPI_WaitFlagStateUntilTimeout</STRONG> (Thumb, 170 bytes, Stack size 24 bytes, mbed/TARGET_NUCLEO_F103RB/TOOLCHAIN_ARM_STD/stm32f1xx_hal_spi.o(i.SPI_WaitFlagStateUntilTimeout))
<BR><BR>[Stack]<UL><LI>Max Depth = 24<LI>Call Chain = SPI_WaitFlagStateUntilTimeout
</UL>
<BR>[Calls]<UL><LI><a href="#[152]">&gt;&gt;</a>&nbsp;&nbsp;&nbsp;HAL_GetTick
</UL>
<BR>[Called By]<UL><LI><a href="#[5b]">&gt;&gt;</a>&nbsp;&nbsp;&nbsp;SPI_TxISR_8BIT
<LI><a href="#[5a]">&gt;&gt;</a>&nbsp;&nbsp;&nbsp;SPI_TxISR_16BIT
<LI><a href="#[16e]">&gt;&gt;</a>&nbsp;&nbsp;&nbsp;SPI_CloseRxTx_ISR
</UL>

<P><STRONG><a name="[5c]"></a>UART_DMAAbortOnError</STRONG> (Thumb, 16 bytes, Stack size 8 bytes, mbed/TARGET_NUCLEO_F103RB/TOOLCHAIN_ARM_STD/stm32f1xx_hal_uart.o(i.UART_DMAAbortOnError))
<BR><BR>[Stack]<UL><LI>Max Depth = 12<LI>Call Chain = UART_DMAAbortOnError &rArr; HAL_UART_ErrorCallback
</UL>
<BR>[Calls]<UL><LI><a href="#[169]">&gt;&gt;</a>&nbsp;&nbsp;&nbsp;HAL_UART_ErrorCallback
</UL>
<BR>[Address Reference Count : 1]<UL><LI> stm32f1xx_hal_uart.o(i.HAL_UART_IRQHandler)
</UL>
<P><STRONG><a name="[16d]"></a>UART_SetConfig</STRONG> (Thumb, 432 bytes, Stack size 24 bytes, mbed/TARGET_NUCLEO_F103RB/TOOLCHAIN_ARM_STD/stm32f1xx_hal_uart.o(i.UART_SetConfig))
<BR><BR>[Stack]<UL><LI>Max Depth = 24<LI>Call Chain = UART_SetConfig
</UL>
<BR>[Calls]<UL><LI><a href="#[150]">&gt;&gt;</a>&nbsp;&nbsp;&nbsp;HAL_RCC_GetPCLK2Freq
<LI><a href="#[178]">&gt;&gt;</a>&nbsp;&nbsp;&nbsp;HAL_RCC_GetPCLK1Freq
</UL>
<BR>[Called By]<UL><LI><a href="#[16b]">&gt;&gt;</a>&nbsp;&nbsp;&nbsp;HAL_UART_Init
</UL>

<P><STRONG><a name="[240]"></a>spi_master_start_asynch_transfer</STRONG> (Thumb, 232 bytes, Stack size 32 bytes, mbed/TARGET_NUCLEO_F103RB/TOOLCHAIN_ARM_STD/stm_spi_api.o(i.spi_master_start_asynch_transfer))
<BR><BR>[Stack]<UL><LI>Max Depth = 56 + Unknown Stack Size
<LI>Call Chain = spi_master_start_asynch_transfer &rArr; HAL_SPI_Receive_IT &rArr; HAL_SPI_TransmitReceive_IT
</UL>
<BR>[Calls]<UL><LI><a href="#[241]">&gt;&gt;</a>&nbsp;&nbsp;&nbsp;HAL_SPI_Transmit_IT
<LI><a href="#[164]">&gt;&gt;</a>&nbsp;&nbsp;&nbsp;HAL_SPI_TransmitReceive_IT
<LI><a href="#[163]">&gt;&gt;</a>&nbsp;&nbsp;&nbsp;HAL_SPI_Receive_IT
<LI><a href="#[10a]">&gt;&gt;</a>&nbsp;&nbsp;&nbsp;__aeabi_memset
</UL>
<BR>[Called By]<UL><LI><a href="#[1fa]">&gt;&gt;</a>&nbsp;&nbsp;&nbsp;spi_master_transfer
</UL>

<P><STRONG><a name="[9d]"></a>__sti___17_SerialConnect_cpp_ebddc1ff</STRONG> (Thumb, 60 bytes, Stack size 16 bytes, .\build\serialconnect.o(i.__sti___17_SerialConnect_cpp_ebddc1ff))
<BR><BR>[Stack]<UL><LI>Max Depth = 696 + Unknown Stack Size
<LI>Call Chain = __sti___17_SerialConnect_cpp_ebddc1ff &rArr; mbed::Serial::Serial(PinName, PinName, const char*, int) &rArr; mbed::Stream::Stream__sub_object(const char*) &rArr; mbed::fdopen(mbed::FileHandle*, const char*) &rArr; mbed::mbed_fdopen(mbed::FileHandle*, const char*) &rArr; fopen &rArr; freopen &rArr; _fclose_internal &rArr; _fflush &rArr; _writebuf &rArr; _sys_write &rArr; serial_baud &rArr; init_uart &rArr; error &rArr; mbed_error_vfprintf &rArr; core_util_critical_section_enter &rArr; mbed_assert_internal &rArr;  mbed_die (Cycle)
</UL>
<BR>[Calls]<UL><LI><a href="#[222]">&gt;&gt;</a>&nbsp;&nbsp;&nbsp;__aeabi_atexit
<LI><a href="#[1d1]">&gt;&gt;</a>&nbsp;&nbsp;&nbsp;mbed::Serial::Serial(PinName, PinName, const char*, int)
</UL>
<BR>[Address Reference Count : 1]<UL><LI> serialconnect.o(.init_array)
</UL>
<P><STRONG><a name="[65]"></a>mbed::donothing()</STRONG> (Thumb, 2 bytes, Stack size 0 bytes, mbed/TARGET_NUCLEO_F103RB/TOOLCHAIN_ARM_STD/mbed.ar(InterruptIn.o)(i._ZN4mbed9donothingEv))
<BR>[Address Reference Count : 2]<UL><LI> InterruptIn.o(i._ZN4mbed11InterruptIn4fallENS_8CallbackIFvvEEE)
<LI> InterruptIn.o(i._ZN4mbed11InterruptInC1E7PinName)
</UL>
<P><STRONG><a name="[9e]"></a>__sti___7_SPI_cpp_ab1f1164</STRONG> (Thumb, 36 bytes, Stack size 8 bytes, mbed/TARGET_NUCLEO_F103RB/TOOLCHAIN_ARM_STD/mbed.ar(SPI.o)(i.__sti___7_SPI_cpp_ab1f1164))
<BR><BR>[Stack]<UL><LI>Max Depth = 32<LI>Call Chain = __sti___7_SPI_cpp_ab1f1164 &rArr; __aeabi_vec_ctor_nocookie_nodtor
</UL>
<BR>[Calls]<UL><LI><a href="#[222]">&gt;&gt;</a>&nbsp;&nbsp;&nbsp;__aeabi_atexit
<LI><a href="#[1e6]">&gt;&gt;</a>&nbsp;&nbsp;&nbsp;__aeabi_vec_ctor_nocookie_nodtor
</UL>
<BR>[Address Reference Count : 1]<UL><LI> SPI.o(.init_array)
</UL>
<P><STRONG><a name="[62]"></a>&lang;Func3&rang;</STRONG> (Thumb, 6 bytes, Stack size 0 bytes, mbed/TARGET_NUCLEO_F103RB/TOOLCHAIN_ARM_STD/mbed.ar(SerialBase.o)(i.<Func3>))
<BR>[Address Reference Count : 1]<UL><LI> SerialBase.o(i._ZN4mbed10SerialBaseC1E7PinNameS1_i)
</UL>
<P><STRONG><a name="[63]"></a>mbed::donothing()</STRONG> (Thumb, 2 bytes, Stack size 0 bytes, mbed/TARGET_NUCLEO_F103RB/TOOLCHAIN_ARM_STD/mbed.ar(SerialBase.o)(i._ZN4mbed9donothingEv))
<BR>[Address Reference Count : 1]<UL><LI> SerialBase.o(i._ZN4mbed10SerialBaseC1E7PinNameS1_i)
</UL>
<P><STRONG><a name="[23b]"></a>schedule_interrupt</STRONG> (Thumb, 74 bytes, Stack size 16 bytes, mbed/TARGET_NUCLEO_F103RB/TOOLCHAIN_ARM_STD/mbed.ar(mbed_ticker_api.o)(i.schedule_interrupt))
<BR><BR>[Stack]<UL><LI>Max Depth = 32<LI>Call Chain = schedule_interrupt &rArr; update_present_time
</UL>
<BR>[Calls]<UL><LI><a href="#[23c]">&gt;&gt;</a>&nbsp;&nbsp;&nbsp;update_present_time
</UL>
<BR>[Called By]<UL><LI><a href="#[242]">&gt;&gt;</a>&nbsp;&nbsp;&nbsp;ticker_irq_handler
</UL>

<P><STRONG><a name="[23c]"></a>update_present_time</STRONG> (Thumb, 40 bytes, Stack size 16 bytes, mbed/TARGET_NUCLEO_F103RB/TOOLCHAIN_ARM_STD/mbed.ar(mbed_ticker_api.o)(i.update_present_time))
<BR><BR>[Stack]<UL><LI>Max Depth = 16<LI>Call Chain = update_present_time
</UL>
<BR>[Called By]<UL><LI><a href="#[201]">&gt;&gt;</a>&nbsp;&nbsp;&nbsp;ticker_read_us
<LI><a href="#[23b]">&gt;&gt;</a>&nbsp;&nbsp;&nbsp;schedule_interrupt
</UL>

<P><STRONG><a name="[4d]"></a>_printf_input_char</STRONG> (Thumb, 10 bytes, Stack size 0 bytes, C:\Keil_v5\ARM\ARMCC\Bin\..\lib\armlib\c_w.l(_printf_char_common.o)(.text))
<BR>[Address Reference Count : 1]<UL><LI> _printf_char_common.o(.text)
</UL>
<P><STRONG><a name="[4f]"></a>_scanf_char_input</STRONG> (Thumb, 12 bytes, Stack size 0 bytes, C:\Keil_v5\ARM\ARMCC\Bin\..\lib\armlib\c_w.l(scanf_char.o)(.text))
<BR>[Address Reference Count : 1]<UL><LI> scanf_char.o(.text)
</UL>
<P><STRONG><a name="[130]"></a>_fp_digits</STRONG> (Thumb, 432 bytes, Stack size 96 bytes, C:\Keil_v5\ARM\ARMCC\Bin\..\lib\armlib\c_w.l(_printf_fp_dec.o)(.text))
<BR><BR>[Stack]<UL><LI>Max Depth = 220<LI>Call Chain = _fp_digits &rArr; _btod_etento &rArr; _btod_emul &rArr; _e2e
</UL>
<BR>[Calls]<UL><LI><a href="#[116]">&gt;&gt;</a>&nbsp;&nbsp;&nbsp;_ll_udiv10
<LI><a href="#[134]">&gt;&gt;</a>&nbsp;&nbsp;&nbsp;_btod_emul
<LI><a href="#[133]">&gt;&gt;</a>&nbsp;&nbsp;&nbsp;_btod_ediv
<LI><a href="#[132]">&gt;&gt;</a>&nbsp;&nbsp;&nbsp;_btod_d2e
<LI><a href="#[131]">&gt;&gt;</a>&nbsp;&nbsp;&nbsp;_btod_etento
</UL>
<BR>[Called By]<UL><LI><a href="#[135]">&gt;&gt;</a>&nbsp;&nbsp;&nbsp;_printf_fp_dec_real
</UL>
<P>
<H3>
Undefined Global Symbols
</H3><HR></body></html>
