<html>
<body>
<pre>
<h1>µVision Build Log</h1>
<h2>Tool Versions:</h2>
IDE-Version: µVision V5.27.1.0
Copyright (C) 2019 ARM Ltd and ARM Germany GmbH. All rights reserved.
License Information: alvaro belota, itbam, LIC=P6FX8-0KVAL-UTN1P-5NLYT-XMC2G-LI2WY
 
Tool Versions:
Toolchain:       MDK-ARM Professional: 2 user  Version: 5.27.1.0
Toolchain Path:  C:\Keil_v5\ARM\ARMCC\Bin
C Compiler:      Armcc.exe V5.06 update 6 (build 750)
Assembler:       Armasm.exe V5.06 update 6 (build 750)
Linker/Locator:  ArmLink.exe V5.06 update 6 (build 750)
Library Manager: ArmAr.exe V5.06 update 6 (build 750)
Hex Converter:   FromElf.exe V5.06 update 6 (build 750)
CPU DLL:         SARMCM3.DLL V5.27.1.0
Dialog DLL:      DCM.DLL V1.17.2.0
Target DLL:      STLink\ST-LINKIII-KEIL_SWO.dll V3.0.6.0
Dialog DLL:      TCM.DLL V1.36.1.0
 
<h2>Project:</h2>
C:\Users\alvaro.saraiva\Desktop\RFID_Portal\2_Firmware\Firmware_Uart_to_Eth_ST(STM32F103RC)\uart_to_ethernet.uvprojx
Project File Date:  06/26/2019

<h2>Output:</h2>
*** Using Compiler 'V5.06 update 6 (build 750)', folder: 'C:\Keil_v5\ARM\ARMCC\Bin'
Rebuild target 'STM32F103VC'
compiling eeprom_flash.cpp...
mbed/TARGET_NUCLEO_F103RB/TARGET_STM/TARGET_STM32F1/TARGET_NUCLEO_F103RB/device/stm32f1xx.h(92): warning:  #9-D: nested comment is not allowed
    /*#define STM32F103xE    /*!< STM32F103RC, STM32F103VC, STM32F103ZC, STM32F103RD, STM32F103VD, STM32F103ZD, STM32F103RE, STM32F103VE and STM32F103ZE */
mbed/TARGET_NUCLEO_F103RB/TARGET_STM/TARGET_STM32F1/TARGET_NUCLEO_F103RB/device/stm32f1xx.h(92): warning:  #9-D: nested comment is not allowed
    /*#define STM32F103xE    /*!< STM32F103RC, STM32F103VC, STM32F103ZC, STM32F103RD, STM32F103VD, STM32F103ZD, STM32F103RE, STM32F103VE and STM32F103ZE */
eeprom_flash\eeprom_flash.cpp: 2 warnings, 0 errors
compiling TCPSocketServer.cpp...
mbed/TARGET_NUCLEO_F103RB/TARGET_STM/TARGET_STM32F1/TARGET_NUCLEO_F103RB/device/stm32f1xx.h(92): warning:  #9-D: nested comment is not allowed
    /*#define STM32F103xE    /*!< STM32F103RC, STM32F103VC, STM32F103ZC, STM32F103RD, STM32F103VD, STM32F103ZD, STM32F103RE, STM32F103VE and STM32F103ZE */
mbed/TARGET_NUCLEO_F103RB/TARGET_STM/TARGET_STM32F1/TARGET_NUCLEO_F103RB/device/stm32f1xx.h(92): warning:  #9-D: nested comment is not allowed
    /*#define STM32F103xE    /*!< STM32F103RC, STM32F103VC, STM32F103ZC, STM32F103RD, STM32F103VD, STM32F103ZD, STM32F103RE, STM32F103VE and STM32F103ZE */
WIZnetInterface\Socket\TCPSocketServer.cpp: 2 warnings, 0 errors
compiling Socket.cpp...
mbed/TARGET_NUCLEO_F103RB/TARGET_STM/TARGET_STM32F1/TARGET_NUCLEO_F103RB/device/stm32f1xx.h(92): warning:  #9-D: nested comment is not allowed
    /*#define STM32F103xE    /*!< STM32F103RC, STM32F103VC, STM32F103ZC, STM32F103RD, STM32F103VD, STM32F103ZD, STM32F103RE, STM32F103VE and STM32F103ZE */
mbed/TARGET_NUCLEO_F103RB/TARGET_STM/TARGET_STM32F1/TARGET_NUCLEO_F103RB/device/stm32f1xx.h(92): warning:  #9-D: nested comment is not allowed
    /*#define STM32F103xE    /*!< STM32F103RC, STM32F103VC, STM32F103ZC, STM32F103RD, STM32F103VD, STM32F103ZD, STM32F103RE, STM32F103VE and STM32F103ZE */
WIZnetInterface\Socket\Socket.cpp: 2 warnings, 0 errors
compiling GmarketComm.cpp...
mbed/TARGET_NUCLEO_F103RB/TARGET_STM/TARGET_STM32F1/TARGET_NUCLEO_F103RB/device/stm32f1xx.h(92): warning:  #9-D: nested comment is not allowed
    /*#define STM32F103xE    /*!< STM32F103RC, STM32F103VC, STM32F103ZC, STM32F103RD, STM32F103VD, STM32F103ZD, STM32F103RE, STM32F103VE and STM32F103ZE */
mbed/TARGET_NUCLEO_F103RB/TARGET_STM/TARGET_STM32F1/TARGET_NUCLEO_F103RB/device/stm32f1xx.h(92): warning:  #9-D: nested comment is not allowed
    /*#define STM32F103xE    /*!< STM32F103RC, STM32F103VC, STM32F103ZC, STM32F103RD, STM32F103VD, STM32F103ZD, STM32F103RE, STM32F103VE and STM32F103ZE */
GmarketComm\GmarketComm.cpp: 2 warnings, 0 errors
compiling EthernetConnect.cpp...
mbed/TARGET_NUCLEO_F103RB/TARGET_STM/TARGET_STM32F1/TARGET_NUCLEO_F103RB/device/stm32f1xx.h(92): warning:  #9-D: nested comment is not allowed
    /*#define STM32F103xE    /*!< STM32F103RC, STM32F103VC, STM32F103ZC, STM32F103RD, STM32F103VD, STM32F103ZD, STM32F103RE, STM32F103VE and STM32F103ZE */
mbed/TARGET_NUCLEO_F103RB/TARGET_STM/TARGET_STM32F1/TARGET_NUCLEO_F103RB/device/stm32f1xx.h(92): warning:  #9-D: nested comment is not allowed
    /*#define STM32F103xE    /*!< STM32F103RC, STM32F103VC, STM32F103ZC, STM32F103RD, STM32F103VD, STM32F103ZD, STM32F103RE, STM32F103VE and STM32F103ZE */
EthernetConnect\EthernetConnect.cpp: 2 warnings, 0 errors
compiling main.cpp...
mbed/TARGET_NUCLEO_F103RB/TARGET_STM/TARGET_STM32F1/TARGET_NUCLEO_F103RB/device/stm32f1xx.h(92): warning:  #9-D: nested comment is not allowed
    /*#define STM32F103xE    /*!< STM32F103RC, STM32F103VC, STM32F103ZC, STM32F103RD, STM32F103VD, STM32F103ZD, STM32F103RE, STM32F103VE and STM32F103ZE */
mbed/TARGET_NUCLEO_F103RB/TARGET_STM/TARGET_STM32F1/TARGET_NUCLEO_F103RB/device/stm32f1xx.h(92): warning:  #9-D: nested comment is not allowed
    /*#define STM32F103xE    /*!< STM32F103RC, STM32F103VC, STM32F103ZC, STM32F103RD, STM32F103VD, STM32F103ZD, STM32F103RE, STM32F103VE and STM32F103ZE */
main.cpp(187): warning:  #1-D: last line of file ends without a newline
  }
main.cpp: 3 warnings, 0 errors
compiling DHCPClient.cpp...
mbed/TARGET_NUCLEO_F103RB/TARGET_STM/TARGET_STM32F1/TARGET_NUCLEO_F103RB/device/stm32f1xx.h(92): warning:  #9-D: nested comment is not allowed
    /*#define STM32F103xE    /*!< STM32F103RC, STM32F103VC, STM32F103ZC, STM32F103RD, STM32F103VD, STM32F103ZD, STM32F103RE, STM32F103VE and STM32F103ZE */
mbed/TARGET_NUCLEO_F103RB/TARGET_STM/TARGET_STM32F1/TARGET_NUCLEO_F103RB/device/stm32f1xx.h(92): warning:  #9-D: nested comment is not allowed
    /*#define STM32F103xE    /*!< STM32F103RC, STM32F103VC, STM32F103ZC, STM32F103RD, STM32F103VD, STM32F103ZD, STM32F103RE, STM32F103VE and STM32F103ZE */
WIZnetInterface\DHCPClient\DHCPClient.cpp: 2 warnings, 0 errors
compiling TCPSocketConnection.cpp...
mbed/TARGET_NUCLEO_F103RB/TARGET_STM/TARGET_STM32F1/TARGET_NUCLEO_F103RB/device/stm32f1xx.h(92): warning:  #9-D: nested comment is not allowed
    /*#define STM32F103xE    /*!< STM32F103RC, STM32F103VC, STM32F103ZC, STM32F103RD, STM32F103VD, STM32F103ZD, STM32F103RE, STM32F103VE and STM32F103ZE */
mbed/TARGET_NUCLEO_F103RB/TARGET_STM/TARGET_STM32F1/TARGET_NUCLEO_F103RB/device/stm32f1xx.h(92): warning:  #9-D: nested comment is not allowed
    /*#define STM32F103xE    /*!< STM32F103RC, STM32F103VC, STM32F103ZC, STM32F103RD, STM32F103VD, STM32F103ZD, STM32F103RE, STM32F103VE and STM32F103ZE */
WIZnetInterface\Socket\TCPSocketConnection.cpp: 2 warnings, 0 errors
compiling Endpoint.cpp...
mbed/TARGET_NUCLEO_F103RB/TARGET_STM/TARGET_STM32F1/TARGET_NUCLEO_F103RB/device/stm32f1xx.h(92): warning:  #9-D: nested comment is not allowed
    /*#define STM32F103xE    /*!< STM32F103RC, STM32F103VC, STM32F103ZC, STM32F103RD, STM32F103VD, STM32F103ZD, STM32F103RE, STM32F103VE and STM32F103ZE */
mbed/TARGET_NUCLEO_F103RB/TARGET_STM/TARGET_STM32F1/TARGET_NUCLEO_F103RB/device/stm32f1xx.h(92): warning:  #9-D: nested comment is not allowed
    /*#define STM32F103xE    /*!< STM32F103RC, STM32F103VC, STM32F103ZC, STM32F103RD, STM32F103VD, STM32F103ZD, STM32F103RE, STM32F103VE and STM32F103ZE */
WIZnetInterface\Socket\Endpoint.cpp: 2 warnings, 0 errors
compiling DNSClient.cpp...
mbed/TARGET_NUCLEO_F103RB/TARGET_STM/TARGET_STM32F1/TARGET_NUCLEO_F103RB/device/stm32f1xx.h(92): warning:  #9-D: nested comment is not allowed
    /*#define STM32F103xE    /*!< STM32F103RC, STM32F103VC, STM32F103ZC, STM32F103RD, STM32F103VD, STM32F103ZD, STM32F103RE, STM32F103VE and STM32F103ZE */
mbed/TARGET_NUCLEO_F103RB/TARGET_STM/TARGET_STM32F1/TARGET_NUCLEO_F103RB/device/stm32f1xx.h(92): warning:  #9-D: nested comment is not allowed
    /*#define STM32F103xE    /*!< STM32F103RC, STM32F103VC, STM32F103ZC, STM32F103RD, STM32F103VD, STM32F103ZD, STM32F103RE, STM32F103VE and STM32F103ZE */
WIZnetInterface\DNSClient\DNSClient.cpp: 2 warnings, 0 errors
compiling SerialConnect.cpp...
mbed/TARGET_NUCLEO_F103RB/TARGET_STM/TARGET_STM32F1/TARGET_NUCLEO_F103RB/device/stm32f1xx.h(92): warning:  #9-D: nested comment is not allowed
    /*#define STM32F103xE    /*!< STM32F103RC, STM32F103VC, STM32F103ZC, STM32F103RD, STM32F103VD, STM32F103ZD, STM32F103RE, STM32F103VE and STM32F103ZE */
mbed/TARGET_NUCLEO_F103RB/TARGET_STM/TARGET_STM32F1/TARGET_NUCLEO_F103RB/device/stm32f1xx.h(92): warning:  #9-D: nested comment is not allowed
    /*#define STM32F103xE    /*!< STM32F103RC, STM32F103VC, STM32F103ZC, STM32F103RD, STM32F103VD, STM32F103ZD, STM32F103RE, STM32F103VE and STM32F103ZE */
SerialConnect\SerialConnect.cpp: 2 warnings, 0 errors
compiling WIZnetInterface.cpp...
mbed/TARGET_NUCLEO_F103RB/TARGET_STM/TARGET_STM32F1/TARGET_NUCLEO_F103RB/device/stm32f1xx.h(92): warning:  #9-D: nested comment is not allowed
    /*#define STM32F103xE    /*!< STM32F103RC, STM32F103VC, STM32F103ZC, STM32F103RD, STM32F103VD, STM32F103ZD, STM32F103RE, STM32F103VE and STM32F103ZE */
mbed/TARGET_NUCLEO_F103RB/TARGET_STM/TARGET_STM32F1/TARGET_NUCLEO_F103RB/device/stm32f1xx.h(92): warning:  #9-D: nested comment is not allowed
    /*#define STM32F103xE    /*!< STM32F103RC, STM32F103VC, STM32F103ZC, STM32F103RD, STM32F103VD, STM32F103ZD, STM32F103RE, STM32F103VE and STM32F103ZE */
WIZnetInterface\WIZnetInterface.cpp: 2 warnings, 0 errors
compiling UDPSocket.cpp...
mbed/TARGET_NUCLEO_F103RB/TARGET_STM/TARGET_STM32F1/TARGET_NUCLEO_F103RB/device/stm32f1xx.h(92): warning:  #9-D: nested comment is not allowed
    /*#define STM32F103xE    /*!< STM32F103RC, STM32F103VC, STM32F103ZC, STM32F103RD, STM32F103VD, STM32F103ZD, STM32F103RE, STM32F103VE and STM32F103ZE */
mbed/TARGET_NUCLEO_F103RB/TARGET_STM/TARGET_STM32F1/TARGET_NUCLEO_F103RB/device/stm32f1xx.h(92): warning:  #9-D: nested comment is not allowed
    /*#define STM32F103xE    /*!< STM32F103RC, STM32F103VC, STM32F103ZC, STM32F103RD, STM32F103VD, STM32F103ZD, STM32F103RE, STM32F103VE and STM32F103ZE */
WIZnetInterface\Socket\UDPSocket.cpp: 2 warnings, 0 errors
compiling W5500.cpp...
mbed/TARGET_NUCLEO_F103RB/TARGET_STM/TARGET_STM32F1/TARGET_NUCLEO_F103RB/device/stm32f1xx.h(92): warning:  #9-D: nested comment is not allowed
    /*#define STM32F103xE    /*!< STM32F103RC, STM32F103VC, STM32F103ZC, STM32F103RD, STM32F103VD, STM32F103ZD, STM32F103RE, STM32F103VE and STM32F103ZE */
mbed/TARGET_NUCLEO_F103RB/TARGET_STM/TARGET_STM32F1/TARGET_NUCLEO_F103RB/device/stm32f1xx.h(92): warning:  #9-D: nested comment is not allowed
    /*#define STM32F103xE    /*!< STM32F103RC, STM32F103VC, STM32F103ZC, STM32F103RD, STM32F103VD, STM32F103ZD, STM32F103RE, STM32F103VE and STM32F103ZE */
WIZnetInterface\WIZnet\W5500.cpp: 2 warnings, 0 errors
linking...
Program Size: Code=43156 RO-data=2760 RW-data=172 ZI-data=3900  
FromELF: creating hex file...
".\BUILD\STM32_Blink_LED.axf" - 0 Error(s), 29 Warning(s).

<h2>Software Packages used:</h2>

Package Vendor: Keil
                http://www.keil.com/pack/Keil.STM32F1xx_DFP.2.3.0.pack
                Keil.STM32F1xx_DFP.2.3.0
                STMicroelectronics STM32F1 Series Device Support, Drivers and Examples

<h2>Collection of Component include folders:</h2>
  .\RTE\_STM32F103VC
  C:\Users\alvaro.saraiva\AppData\Local\Arm\Packs\Keil\STM32F1xx_DFP\2.3.0\Device\Include

<h2>Collection of Component Files used:</h2>
Build Time Elapsed:  00:00:05
</pre>
</body>
</html>
